<html>
<body>
<pre>
<h1>礦ision Build Log</h1>
<h2>Tool Versions:</h2>
IDE-Version: μVision V5.31.0.0
Copyright (C) 2020 ARM Ltd and ARM Germany GmbH. All rights reserved.
License Information: shen tingting, xingtaixinchan, LIC=WHY74-FHHL7-2LNCT-RAHJY-Y4SU5-RKST5
 
Tool Versions:
Toolchain:       MDK-ARM Plus  Version: 5.31.0.0
Toolchain Path:  C:\Keil_v5\ARM\ARMCC\Bin
C Compiler:      Armcc.exe V5.06 update 6 (build 750)
Assembler:       Armasm.exe V5.06 update 6 (build 750)
Linker/Locator:  ArmLink.exe V5.06 update 6 (build 750)
Library Manager: ArmAr.exe V5.06 update 6 (build 750)
Hex Converter:   FromElf.exe V5.06 update 6 (build 750)
CPU DLL:         SARMCM3.DLL V5.31.0.0
Dialog DLL:      DCM.DLL V1.17.3.0
Target DLL:      Segger\JL2CM3.dll V2.99.38.0
Dialog DLL:      TCM.DLL V1.46.0.0
 
<h2>Project:</h2>
C:\Users\Administrator\Desktop\test3-jiansu\USER\TIMER.uvprojx
Project File Date:  11/02/2020

<h2>Output:</h2>
*** Using Compiler 'V5.06 update 6 (build 750)', folder: 'C:\Keil_v5\ARM\ARMCC\Bin'
Rebuild target 'Target 1'
compiling system_stm32f10x.c...
compiling stm32f10x_it.c...
compiling timer.c...
compiling AMIS30543.c...
..\HARDWARE\AMIS30543\AMIS30543.c(253): warning:  #550-D: variable "k"  was set but never used
  	unsigned char  k, k1;
..\HARDWARE\AMIS30543\AMIS30543.c(309): warning:  #550-D: variable "k"  was set but never used
  	unsigned char  k,k1;
..\HARDWARE\AMIS30543\AMIS30543.c: 2 warnings, 0 errors
compiling main.c...
main.c(380): warning:  #188-D: enumerated type mixed with another type
  							TIM_Cmd(TIM3, 0);  //关闭定时器3
main.c(390): warning:  #188-D: enumerated type mixed with another type
  								TIM_Cmd(TIM4, 0);  //关闭定时器4
main.c(391): warning:  #188-D: enumerated type mixed with another type
  								TIM_Cmd(TIM3, 0);  //关闭定时器3
main.c(410): warning:  #188-D: enumerated type mixed with another type
  							TIM_Cmd(TIM4, 0);  //关闭定时器4
main.c(411): warning:  #188-D: enumerated type mixed with another type
  							TIM_Cmd(TIM3, 0);  //关闭定时器3
main.c(431): warning:  #188-D: enumerated type mixed with another type
  						TIM_Cmd(TIM2, 0);  //关闭定时器2
main.c: 6 warnings, 0 errors
compiling gpio.c...
compiling wifi.c...
compiling 24C02.c...
compiling Motor.c...
..\HARDWARE\Motor.c(45): warning:  #188-D: enumerated type mixed with another type
  	TIM_Cmd(TIM1, 0);  //关闭1ms定时器
..\HARDWARE\Motor.c(49): warning:  #188-D: enumerated type mixed with another type
  	TIM3_Int_Init( (u16)(tim2_accel*10.0-1) , 7199 , 1);//启动时间片定时器，时间片是固定长的加速总时间/分段片数
..\HARDWARE\Motor.c(68): warning:  #188-D: enumerated type mixed with another type
  	TIM_Cmd(TIM1, 0);  //关闭1ms定时器
..\HARDWARE\Motor.c: 3 warnings, 0 errors
compiling PWM.c...
..\HARDWARE\PWM.c(188): warning:  #188-D: enumerated type mixed with another type
  						TIM_Cmd(TIM3, 0);  //关闭定时器3
..\HARDWARE\PWM.c(189): warning:  #188-D: enumerated type mixed with another type
  						TIM_Cmd(TIM4, 0);  //关闭定时器4
..\HARDWARE\PWM.c(204): warning:  #188-D: enumerated type mixed with another type
  						TIM_Cmd(TIM3, 0);  //关闭定时器3
..\HARDWARE\PWM.c: 3 warnings, 0 errors
compiling core_cm3.c...
compiling delay.c...
assembling startup_stm32f10x_hd.s...
compiling usart.c...
compiling sys.c...
compiling stm32f10x_gpio.c...
compiling stm32f10x_rcc.c...
compiling misc.c...
compiling stm32f10x_usart.c...
compiling stm32f10x_tim.c...
compiling stm32f10x_spi.c...
linking...
Program Size: Code=26724 RO-data=336 RW-data=416 ZI-data=1912  
FromELF: creating hex file...
"..\OBJ\TIMER.axf" - 0 Error(s), 14 Warning(s).

<h2>Software Packages used:</h2>

Package Vendor: Keil
                http://www.keil.com/pack/Keil.STM32F1xx_DFP.1.0.5.pack
                Keil.STM32F1xx_DFP.1.0.5
                STMicroelectronics STM32F1 Series Device Support, Drivers and Examples

<h2>Collection of Component include folders:</h2>
  C:\Keil_v5\ARM\PACK\Keil\STM32F1xx_DFP\1.0.5\Device\Include

<h2>Collection of Component Files used:</h2>
Build Time Elapsed:  00:00:03
</pre>
</body>
</html>
