Component: ARM Compiler 5.06 update 6 (build 750) Tool: armlink [4d35ed]

==============================================================================

Section Cross References

    main.o(.text) refers to usart.o(.text) for cal_crc
    main.o(.text) refers to amis30543.o(.text) for AMIS30543_INIT1
    main.o(.text) refers to 24c02.o(.text) for AT24CXX_Init
    main.o(.text) refers to dflt_clz.o(x$fpl$dfltu) for __aeabi_ui2d
    main.o(.text) refers to f2d.o(x$fpl$f2d) for __aeabi_f2d
    main.o(.text) refers to ddiv.o(x$fpl$ddiv) for __aeabi_ddiv
    main.o(.text) refers to dmul.o(x$fpl$dmul) for __aeabi_dmul
    main.o(.text) refers to dfixu.o(x$fpl$dfixu) for __aeabi_d2uiz
    main.o(.text) refers to fdiv.o(x$fpl$fdiv) for __aeabi_fdiv
    main.o(.text) refers to wifi.o(.text) for RS232_Send_Data
    main.o(.text) refers to dflt_clz.o(x$fpl$dflt) for __aeabi_i2d
    main.o(.text) refers to daddsub_clz.o(x$fpl$dsub) for __aeabi_dsub
    main.o(.text) refers to dfix.o(x$fpl$dfix) for __aeabi_d2iz
    main.o(.text) refers to stm32f10x_tim.o(.text) for TIM_Cmd
    main.o(.text) refers to pwm.o(.text) for TIM4_PWM_Init
    main.o(.text) refers to main.o(.bss) for AT240c_str
    main.o(.text) refers to usart.o(.data) for crc_check
    main.o(.text) refers to main.o(.data) for fangwei_yundong_daowei_flag
    main.o(.text) refers to timer.o(.data) for fy_timecnt
    main.o(.text) refers to amis30543.o(.data) for AMIS30543_CR_SPI1
    main.o(.text) refers to wifi.o(.data) for shuipingfuyangjiao
    main.o(.text) refers to delay.o(.text) for delay_init
    main.o(.text) refers to misc.o(.text) for NVIC_PriorityGroupConfig
    main.o(.text) refers to gpio.o(.text) for GPIO_Jiance_Init
    main.o(.text) refers to rt_memclr.o(.text) for __aeabi_memclr
    main.o(.text) refers to motor.o(.text) for fuyang_Mortor_Decel
    main.o(.text) refers to usart.o(.bss) for RS422_receive_str
    system_stm32f10x.o(.text) refers to system_stm32f10x.o(.data) for SystemCoreClock
    timer.o(.text) refers to stm32f10x_rcc.o(.text) for RCC_APB1PeriphClockCmd
    timer.o(.text) refers to stm32f10x_tim.o(.text) for TIM_DeInit
    timer.o(.text) refers to misc.o(.text) for NVIC_Init
    timer.o(.text) refers to daddsub_clz.o(x$fpl$dadd) for __aeabi_dadd
    timer.o(.text) refers to daddsub_clz.o(x$fpl$dsub) for __aeabi_dsub
    timer.o(.text) refers to faddsub_clz.o(x$fpl$fadd) for __aeabi_fadd
    timer.o(.text) refers to f2d.o(x$fpl$f2d) for __aeabi_f2d
    timer.o(.text) refers to ddiv.o(x$fpl$ddiv) for __aeabi_ddiv
    timer.o(.text) refers to dmul.o(x$fpl$dmul) for __aeabi_dmul
    timer.o(.text) refers to dfixu.o(x$fpl$dfixu) for __aeabi_d2uiz
    timer.o(.text) refers to pwm.o(.text) for TIM5_PWM_Init
    timer.o(.text) refers to dflt_clz.o(x$fpl$dflt) for __aeabi_i2d
    timer.o(.text) refers to drleqf.o(x$fpl$drleqf) for __aeabi_cdrcmple
    timer.o(.text) refers to pwm.o(.data) for decel_cnt2
    timer.o(.text) refers to motor.o(.data) for fangwei_xch_dir
    timer.o(.text) refers to main.o(.data) for fangwei_yundong_daowei_flag
    timer.o(.text) refers to usart.o(.data) for Yuntai_fangwei_shezhi_chenggong_flag
    timer.o(.text) refers to timer.o(.data) for guc_10mscnt
    amis30543.o(.text) refers to stm32f10x_rcc.o(.text) for RCC_APB2PeriphClockCmd
    amis30543.o(.text) refers to stm32f10x_gpio.o(.text) for GPIO_PinRemapConfig
    amis30543.o(.text) refers to stm32f10x_spi.o(.text) for SPI_Init
    amis30543.o(.text) refers to stm32f10x_tim.o(.text) for TIM_TimeBaseInit
    amis30543.o(.text) refers to delay.o(.text) for delay_us
    amis30543.o(.text) refers to amis30543.o(.data) for AMIS30543_CR_SPI1
    amis30543.o(.text) refers to main.o(.data) for guc_WorkCurrent
    amis30543.o(.text) refers to dflt_clz.o(x$fpl$dfltu) for __aeabi_ui2d
    amis30543.o(.text) refers to f2d.o(x$fpl$f2d) for __aeabi_f2d
    amis30543.o(.text) refers to ddiv.o(x$fpl$ddiv) for __aeabi_ddiv
    amis30543.o(.text) refers to dmul.o(x$fpl$dmul) for __aeabi_dmul
    amis30543.o(.text) refers to dfixu.o(x$fpl$dfixu) for __aeabi_d2uiz
    gpio.o(.text) refers to stm32f10x_rcc.o(.text) for RCC_APB2PeriphClockCmd
    gpio.o(.text) refers to stm32f10x_gpio.o(.text) for GPIO_Init
    wifi.o(.text) refers to stm32f10x_rcc.o(.text) for RCC_APB2PeriphClockCmd
    wifi.o(.text) refers to stm32f10x_gpio.o(.text) for GPIO_Init
    wifi.o(.text) refers to misc.o(.text) for NVIC_Init
    wifi.o(.text) refers to stm32f10x_usart.o(.text) for USART_Init
    wifi.o(.text) refers to wifi.o(.bss) for Uart1RxTemp
    wifi.o(.text) refers to wifi.o(.data) for Uart1Cont
    24c02.o(.text) refers to stm32f10x_rcc.o(.text) for RCC_APB2PeriphClockCmd
    24c02.o(.text) refers to stm32f10x_gpio.o(.text) for GPIO_Init
    24c02.o(.text) refers to delay.o(.text) for delay_us
    motor.o(.text) refers to f2d.o(x$fpl$f2d) for __aeabi_f2d
    motor.o(.text) refers to ddiv.o(x$fpl$ddiv) for __aeabi_ddiv
    motor.o(.text) refers to dmul.o(x$fpl$dmul) for __aeabi_dmul
[...]
    ../fplib/fpinit.s                        0x00000000   Number         0  fpinit.o ABSOLUTE
    ../fplib/fretinf.s                       0x00000000   Number         0  fretinf.o ABSOLUTE
    ../fplib/usenofp.s                       0x00000000   Number         0  usenofp.o ABSOLUTE
    ..\CORE\core_cm3.c                       0x00000000   Number         0  core_cm3.o ABSOLUTE
    ..\CORE\startup_stm32f10x_hd.s           0x00000000   Number         0  startup_stm32f10x_hd.o ABSOLUTE
    ..\HARDWARE\2.4G\wifi.c                  0x00000000   Number         0  wifi.o ABSOLUTE
    ..\HARDWARE\24C02\24C02.c                0x00000000   Number         0  24c02.o ABSOLUTE
    ..\HARDWARE\AMIS30543\AMIS30543.c        0x00000000   Number         0  amis30543.o ABSOLUTE
    ..\HARDWARE\GPIO\gpio.c                  0x00000000   Number         0  gpio.o ABSOLUTE
    ..\HARDWARE\Motor.c                      0x00000000   Number         0  motor.o ABSOLUTE
    ..\HARDWARE\PWM.c                        0x00000000   Number         0  pwm.o ABSOLUTE
    ..\HARDWARE\TIMER\timer.c                0x00000000   Number         0  timer.o ABSOLUTE
    ..\STM32F10x_FWLib\src\misc.c            0x00000000   Number         0  misc.o ABSOLUTE
    ..\STM32F10x_FWLib\src\stm32f10x_gpio.c  0x00000000   Number         0  stm32f10x_gpio.o ABSOLUTE
    ..\STM32F10x_FWLib\src\stm32f10x_rcc.c   0x00000000   Number         0  stm32f10x_rcc.o ABSOLUTE
    ..\STM32F10x_FWLib\src\stm32f10x_spi.c   0x00000000   Number         0  stm32f10x_spi.o ABSOLUTE
    ..\STM32F10x_FWLib\src\stm32f10x_tim.c   0x00000000   Number         0  stm32f10x_tim.o ABSOLUTE
    ..\STM32F10x_FWLib\src\stm32f10x_usart.c 0x00000000   Number         0  stm32f10x_usart.o ABSOLUTE
    ..\SYSTEM\delay\delay.c                  0x00000000   Number         0  delay.o ABSOLUTE
    ..\SYSTEM\sys\sys.c                      0x00000000   Number         0  sys.o ABSOLUTE
    ..\SYSTEM\usart\usart.c                  0x00000000   Number         0  usart.o ABSOLUTE
    ..\\CORE\\core_cm3.c                     0x00000000   Number         0  core_cm3.o ABSOLUTE
    ..\\SYSTEM\\sys\\sys.c                   0x00000000   Number         0  sys.o ABSOLUTE
    dc.s                                     0x00000000   Number         0  dc.o ABSOLUTE
    main.c                                   0x00000000   Number         0  main.o ABSOLUTE
    stm32f10x_it.c                           0x00000000   Number         0  stm32f10x_it.o ABSOLUTE
    system_stm32f10x.c                       0x00000000   Number         0  system_stm32f10x.o ABSOLUTE
    RESET                                    0x08000000   Section      304  startup_stm32f10x_hd.o(RESET)
    !!!main                                  0x08000130   Section        8  __main.o(!!!main)
    !!!scatter                               0x08000138   Section       52  __scatter.o(!!!scatter)
    !!dczerorl2                              0x0800016c   Section       90  __dczerorl2.o(!!dczerorl2)
    !!handler_zi                             0x080001c8   Section       28  __scatter_zi.o(!!handler_zi)
    .ARM.Collect$$libinit$$00000000          0x080001e4   Section        2  libinit.o(.ARM.Collect$$libinit$$00000000)
    .ARM.Collect$$libinit$$00000002          0x080001e6   Section        0  libinit2.o(.ARM.Collect$$libinit$$00000002)
    .ARM.Collect$$libinit$$00000004          0x080001e6   Section        0  libinit2.o(.ARM.Collect$$libinit$$00000004)
    .ARM.Collect$$libinit$$0000000A          0x080001e6   Section        0  libinit2.o(.ARM.Collect$$libinit$$0000000A)
    .ARM.Collect$$libinit$$0000000C          0x080001e6   Section        0  libinit2.o(.ARM.Collect$$libinit$$0000000C)
    .ARM.Collect$$libinit$$0000000E          0x080001e6   Section        0  libinit2.o(.ARM.Collect$$libinit$$0000000E)
    .ARM.Collect$$libinit$$00000011          0x080001e6   Section        0  libinit2.o(.ARM.Collect$$libinit$$00000011)
    .ARM.Collect$$libinit$$00000013          0x080001e6   Section        0  libinit2.o(.ARM.Collect$$libinit$$00000013)
    .ARM.Collect$$libinit$$00000015          0x080001e6   Section        0  libinit2.o(.ARM.Collect$$libinit$$00000015)
    .ARM.Collect$$libinit$$00000017          0x080001e6   Section        0  libinit2.o(.ARM.Collect$$libinit$$00000017)
    .ARM.Collect$$libinit$$00000019          0x080001e6   Section        0  libinit2.o(.ARM.Collect$$libinit$$00000019)
    .ARM.Collect$$libinit$$0000001B          0x080001e6   Section        0  libinit2.o(.ARM.Collect$$libinit$$0000001B)
    .ARM.Collect$$libinit$$0000001D          0x080001e6   Section        0  libinit2.o(.ARM.Collect$$libinit$$0000001D)
    .ARM.Collect$$libinit$$0000001F          0x080001e6   Section        0  libinit2.o(.ARM.Collect$$libinit$$0000001F)
    .ARM.Collect$$libinit$$00000021          0x080001e6   Section        0  libinit2.o(.ARM.Collect$$libinit$$00000021)
    .ARM.Collect$$libinit$$00000023          0x080001e6   Section        0  libinit2.o(.ARM.Collect$$libinit$$00000023)
    .ARM.Collect$$libinit$$00000025          0x080001e6   Section        0  libinit2.o(.ARM.Collect$$libinit$$00000025)
    .ARM.Collect$$libinit$$0000002C          0x080001e6   Section        0  libinit2.o(.ARM.Collect$$libinit$$0000002C)
    .ARM.Collect$$libinit$$0000002E          0x080001e6   Section        0  libinit2.o(.ARM.Collect$$libinit$$0000002E)
    .ARM.Collect$$libinit$$00000030          0x080001e6   Section        0  libinit2.o(.ARM.Collect$$libinit$$00000030)
    .ARM.Collect$$libinit$$00000032          0x080001e6   Section        0  libinit2.o(.ARM.Collect$$libinit$$00000032)
    .ARM.Collect$$libinit$$00000033          0x080001e6   Section        2  libinit2.o(.ARM.Collect$$libinit$$00000033)
    .ARM.Collect$$libshutdown$$00000000      0x080001e8   Section        2  libshutdown.o(.ARM.Collect$$libshutdown$$00000000)
    .ARM.Collect$$libshutdown$$00000002      0x080001ea   Section        0  libshutdown2.o(.ARM.Collect$$libshutdown$$00000002)
    .ARM.Collect$$libshutdown$$00000004      0x080001ea   Section        0  libshutdown2.o(.ARM.Collect$$libshutdown$$00000004)
    .ARM.Collect$$libshutdown$$00000007      0x080001ea   Section        0  libshutdown2.o(.ARM.Collect$$libshutdown$$00000007)
    .ARM.Collect$$libshutdown$$0000000A      0x080001ea   Section        0  libshutdown2.o(.ARM.Collect$$libshutdown$$0000000A)
    .ARM.Collect$$libshutdown$$0000000C      0x080001ea   Section        0  libshutdown2.o(.ARM.Collect$$libshutdown$$0000000C)
    .ARM.Collect$$libshutdown$$0000000F      0x080001ea   Section        0  libshutdown2.o(.ARM.Collect$$libshutdown$$0000000F)
    .ARM.Collect$$libshutdown$$00000010      0x080001ea   Section        2  libshutdown2.o(.ARM.Collect$$libshutdown$$00000010)
    .ARM.Collect$$rtentry$$00000000          0x080001ec   Section        0  __rtentry.o(.ARM.Collect$$rtentry$$00000000)
    .ARM.Collect$$rtentry$$00000002          0x080001ec   Section        0  __rtentry2.o(.ARM.Collect$$rtentry$$00000002)
    .ARM.Collect$$rtentry$$00000004          0x080001ec   Section        6  __rtentry4.o(.ARM.Collect$$rtentry$$00000004)
    .ARM.Collect$$rtentry$$00000009          0x080001f2   Section        0  __rtentry2.o(.ARM.Collect$$rtentry$$00000009)
    .ARM.Collect$$rtentry$$0000000A          0x080001f2   Section        4  __rtentry2.o(.ARM.Collect$$rtentry$$0000000A)
    .ARM.Collect$$rtentry$$0000000C          0x080001f6   Section        0  __rtentry2.o(.ARM.Collect$$rtentry$$0000000C)
    .ARM.Collect$$rtentry$$0000000D          0x080001f6   Section        8  __rtentry2.o(.ARM.Collect$$rtentry$$0000000D)
    .ARM.Collect$$rtexit$$00000000           0x080001fe   Section        2  rtexit.o(.ARM.Collect$$rtexit$$00000000)
    .ARM.Collect$$rtexit$$00000002           0x08000200   Section        0  rtexit2.o(.ARM.Collect$$rtexit$$00000002)
    .ARM.Collect$$rtexit$$00000003           0x08000200   Section        4  rtexit2.o(.ARM.Collect$$rtexit$$00000003)
    .ARM.Collect$$rtexit$$00000004           0x08000204   Section        6  rtexit2.o(.ARM.Collect$$rtexit$$00000004)
    .text                                    0x0800020c   Section        0  main.o(.text)
    .text                                    0x080011c8   Section        0  stm32f10x_it.o(.text)
    .text                                    0x080011e4   Section        0  system_stm32f10x.o(.text)
    SetSysClockTo72                          0x080011e5   Thumb Code   214  system_stm32f10x.o(.text)
    SetSysClock                              0x080012bb   Thumb Code     8  system_stm32f10x.o(.text)
    .text                                    0x080013c4   Section        0  timer.o(.text)
    .text                                    0x0800173c   Section        0  amis30543.o(.text)
    .text                                    0x08002710   Section        0  gpio.o(.text)
    .text                                    0x080027d0   Section        0  wifi.o(.text)
    .text                                    0x08002acc   Section        0  24c02.o(.text)
    .text                                    0x08002f0c   Section        0  motor.o(.text)
    .text                                    0x080030e0   Section        0  pwm.o(.text)
    .text                                    0x08003448   Section        0  delay.o(.text)
    .text                                    0x0800351c   Section        0  usart.o(.text)
    .text                                    0x08003b40   Section       64  startup_stm32f10x_hd.o(.text)
    .text                                    0x08003b80   Section        0  stm32f10x_gpio.o(.text)
    .text                                    0x08003edc   Section        0  stm32f10x_rcc.o(.text)
    .text                                    0x08004280   Section        0  stm32f10x_usart.o(.text)
    .text                                    0x08004688   Section        0  misc.o(.text)
    .text                                    0x08004764   Section        0  stm32f10x_tim.o(.text)
    TI4_Config                               0x08004c0b   Thumb Code   130  stm32f10x_tim.o(.text)
    TI3_Config                               0x08004c9f   Thumb Code   122  stm32f10x_tim.o(.text)
    TI2_Config                               0x08004d33   Thumb Code   130  stm32f10x_tim.o(.text)
    TI1_Config                               0x08004dc7   Thumb Code   108  stm32f10x_tim.o(.text)
    .text                                    0x08005580   Section        0  stm32f10x_spi.o(.text)
    .text                                    0x0800588c   Section        2  use_no_semi_2.o(.text)
    .text                                    0x0800588e   Section       68  rt_memclr.o(.text)
    .text                                    0x080058d2   Section        0  heapauxi.o(.text)
    .text                                    0x080058d8   Section        2  use_no_semi.o(.text)
    .text                                    0x080058da   Section       78  rt_memclr_w.o(.text)
    .text                                    0x08005928   Section       74  sys_stackheap_outer.o(.text)
    .text                                    0x08005972   Section        0  exit.o(.text)
    .text                                    0x08005984   Section        8  libspace.o(.text)
    x$fpl$d2f                                0x0800598c   Section       98  d2f.o(x$fpl$d2f)
    x$fpl$dadd                               0x080059f0   Section      336  daddsub_clz.o(x$fpl$dadd)
    _dadd1                                   0x08005a01   Thumb Code     0  daddsub_clz.o(x$fpl$dadd)
    x$fpl$dcmpinf                            0x08005b40   Section       24  dcmpi.o(x$fpl$dcmpinf)
    x$fpl$ddiv                               0x08005b58   Section      688  ddiv.o(x$fpl$ddiv)
    ddiv_entry                               0x08005b5f   Thumb Code     0  ddiv.o(x$fpl$ddiv)
    x$fpl$dfix                               0x08005e08   Section       94  dfix.o(x$fpl$dfix)
    x$fpl$dfixu                              0x08005e68   Section       90  dfixu.o(x$fpl$dfixu)
    x$fpl$dflt                               0x08005ec2   Section       46  dflt_clz.o(x$fpl$dflt)
    x$fpl$dfltu                              0x08005ef0   Section       38  dflt_clz.o(x$fpl$dfltu)
    x$fpl$dleqf                              0x08005f18   Section      120  dleqf.o(x$fpl$dleqf)
    x$fpl$dmul                               0x08005f90   Section      340  dmul.o(x$fpl$dmul)
    x$fpl$dnaninf                            0x080060e4   Section      156  dnaninf.o(x$fpl$dnaninf)
    x$fpl$dretinf                            0x08006180   Section       12  dretinf.o(x$fpl$dretinf)
    x$fpl$drleqf                             0x0800618c   Section      108  drleqf.o(x$fpl$drleqf)
    x$fpl$dsub                               0x080061f8   Section      468  daddsub_clz.o(x$fpl$dsub)
    _dsub1                                   0x08006209   Thumb Code     0  daddsub_clz.o(x$fpl$dsub)
    x$fpl$f2d                                0x080063cc   Section       86  f2d.o(x$fpl$f2d)
    x$fpl$fadd                               0x08006424   Section      196  faddsub_clz.o(x$fpl$fadd)
    _fadd1                                   0x08006433   Thumb Code     0  faddsub_clz.o(x$fpl$fadd)
    x$fpl$fdiv                               0x080064e8   Section      388  fdiv.o(x$fpl$fdiv)
    _fdiv1                                   0x080064e9   Thumb Code     0  fdiv.o(x$fpl$fdiv)
    x$fpl$ffixu                              0x0800666c   Section       62  ffixu.o(x$fpl$ffixu)
    x$fpl$fmul                               0x080066ac   Section      258  fmul.o(x$fpl$fmul)
    x$fpl$fnaninf                            0x080067ae   Section      140  fnaninf.o(x$fpl$fnaninf)
    x$fpl$fretinf                            0x0800683a   Section       10  fretinf.o(x$fpl$fretinf)
    x$fpl$fsub                               0x08006844   Section      234  faddsub_clz.o(x$fpl$fsub)
    _fsub1                                   0x08006853   Thumb Code     0  faddsub_clz.o(x$fpl$fsub)
    x$fpl$usenofp                            0x0800692e   Section        0  usenofp.o(x$fpl$usenofp)
    .data                                    0x20000000   Section      221  main.o(.data)
    .data                                    0x200000e0   Section       20  system_stm32f10x.o(.data)
    .data                                    0x200000f4   Section       12  timer.o(.data)
    .data                                    0x20000100   Section       20  amis30543.o(.data)
    .data                                    0x20000114   Section        6  wifi.o(.data)
    .data                                    0x2000011c   Section       54  motor.o(.data)
    .data                                    0x20000154   Section       12  pwm.o(.data)
    .data                                    0x20000160   Section        4  delay.o(.data)
    fac_us                                   0x20000160   Data           1  delay.o(.data)
    fac_ms                                   0x20000162   Data           2  delay.o(.data)
    .data                                    0x20000164   Section       28  usart.o(.data)
    .data                                    0x20000180   Section       20  stm32f10x_rcc.o(.data)
    APBAHBPrescTable                         0x20000180   Data          16  stm32f10x_rcc.o(.data)
    ADCPrescTable                            0x20000190   Data           4  stm32f10x_rcc.o(.data)
    .bss                                     0x20000194   Section      150  main.o(.bss)
    .bss                                     0x2000022a   Section       20  wifi.o(.bss)
    .bss                                     0x2000023e   Section       60  usart.o(.bss)
    .bss                                     0x2000027c   Section       96  libspace.o(.bss)
    HEAP                                     0x200002e0   Section      512  startup_stm32f10x_hd.o(HEAP)
    Heap_Mem                                 0x200002e0   Data         512  startup_stm32f10x_hd.o(HEAP)
    STACK                                    0x200004e0   Section     1024  startup_stm32f10x_hd.o(STACK)
    Stack_Mem                                0x200004e0   Data        1024  startup_stm32f10x_hd.o(STACK)
    __initial_sp                             0x200008e0   Data           0  startup_stm32f10x_hd.o(STACK)

    Global Symbols

    Symbol Name                              Value     Ov Type        Size  Object(Section)

    BuildAttributes$$THM_ISAv4$P$D$K$B$S$PE$A:L22UL41UL21$X:L11$S22US41US21$IEEE1$IW$USESV6$~STKCKD$USESV7$~SHL$OSPACE$ROPI$EBA8$UX$STANDARDLIB$REQ8$PRES8$EABIv2 0x00000000   Number         0  anon$$obj.o ABSOLUTE
    __ARM_use_no_argv                        0x00000000   Number         0  main.o ABSOLUTE
    __ARM_exceptions_init                     - Undefined Weak Reference
    __alloca_initialize                       - Undefined Weak Reference
    __arm_preinit_                            - Undefined Weak Reference
    __cpp_initialize__aeabi_                  - Undefined Weak Reference
    __cxa_finalize                            - Undefined Weak Reference
    __rt_locale                               - Undefined Weak Reference
    __sigvec_lookup                           - Undefined Weak Reference
    _atexit_init                              - Undefined Weak Reference
    _call_atexit_fns                          - Undefined Weak Reference
    _clock_init                               - Undefined Weak Reference
    _fp_trap_init                             - Undefined Weak Reference
    _fp_trap_shutdown                         - Undefined Weak Reference
    _get_lc_collate                           - Undefined Weak Reference
    _get_lc_ctype                             - Undefined Weak Reference
    _get_lc_monetary                          - Undefined Weak Reference
    _get_lc_numeric                           - Undefined Weak Reference
    _get_lc_time                              - Undefined Weak Reference
    _getenv_init                              - Undefined Weak Reference
    _handle_redirection                       - Undefined Weak Reference
    _init_alloc                               - Undefined Weak Reference
    _init_user_alloc                          - Undefined Weak Reference
    _initio                                   - Undefined Weak Reference
    _rand_init                                - Undefined Weak Reference
    _signal_finish                            - Undefined Weak Reference
    _signal_init                              - Undefined Weak Reference
    _terminate_alloc                          - Undefined Weak Reference
    _terminate_user_alloc                     - Undefined Weak Reference
    _terminateio                              - Undefined Weak Reference
    __Vectors_Size                           0x00000130   Number         0  startup_stm32f10x_hd.o ABSOLUTE
    __Vectors                                0x08000000   Data           4  startup_stm32f10x_hd.o(RESET)
    __Vectors_End                            0x08000130   Data           0  startup_stm32f10x_hd.o(RESET)
    __main                                   0x08000131   Thumb Code     8  __main.o(!!!main)
    __scatterload                            0x08000139   Thumb Code     0  __scatter.o(!!!scatter)
    __scatterload_rt2                        0x08000139   Thumb Code    44  __scatter.o(!!!scatter)
    __scatterload_rt2_thumb_only             0x08000139   Thumb Code     0  __scatter.o(!!!scatter)
    __scatterload_null                       0x08000147   Thumb Code     0  __scatter.o(!!!scatter)
    __decompress                             0x0800016d   Thumb Code    90  __dczerorl2.o(!!dczerorl2)
    __decompress1                            0x0800016d   Thumb Code     0  __dczerorl2.o(!!dczerorl2)
    __scatterload_zeroinit                   0x080001c9   Thumb Code    28  __scatter_zi.o(!!handler_zi)
    __rt_lib_init                            0x080001e5   Thumb Code     0  libinit.o(.ARM.Collect$$libinit$$00000000)
    __rt_lib_init_alloca_1                   0x080001e7   Thumb Code     0  libinit2.o(.ARM.Collect$$libinit$$0000002E)
    __rt_lib_init_argv_1                     0x080001e7   Thumb Code     0  libinit2.o(.ARM.Collect$$libinit$$0000002C)
    __rt_lib_init_atexit_1                   0x080001e7   Thumb Code     0  libinit2.o(.ARM.Collect$$libinit$$0000001B)
    __rt_lib_init_clock_1                    0x080001e7   Thumb Code     0  libinit2.o(.ARM.Collect$$libinit$$00000021)
    __rt_lib_init_cpp_1                      0x080001e7   Thumb Code     0  libinit2.o(.ARM.Collect$$libinit$$00000032)
    __rt_lib_init_exceptions_1               0x080001e7   Thumb Code     0  libinit2.o(.ARM.Collect$$libinit$$00000030)
    __rt_lib_init_fp_1                       0x080001e7   Thumb Code     0  libinit2.o(.ARM.Collect$$libinit$$00000002)
    __rt_lib_init_fp_trap_1                  0x080001e7   Thumb Code     0  libinit2.o(.ARM.Collect$$libinit$$0000001F)
    __rt_lib_init_getenv_1                   0x080001e7   Thumb Code     0  libinit2.o(.ARM.Collect$$libinit$$00000023)
    __rt_lib_init_heap_1                     0x080001e7   Thumb Code     0  libinit2.o(.ARM.Collect$$libinit$$0000000A)
    __rt_lib_init_lc_collate_1               0x080001e7   Thumb Code     0  libinit2.o(.ARM.Collect$$libinit$$00000011)
    __rt_lib_init_lc_ctype_1                 0x080001e7   Thumb Code     0  libinit2.o(.ARM.Collect$$libinit$$00000013)
    __rt_lib_init_lc_monetary_1              0x080001e7   Thumb Code     0  libinit2.o(.ARM.Collect$$libinit$$00000015)
    __rt_lib_init_lc_numeric_1               0x080001e7   Thumb Code     0  libinit2.o(.ARM.Collect$$libinit$$00000017)
    __rt_lib_init_lc_time_1                  0x080001e7   Thumb Code     0  libinit2.o(.ARM.Collect$$libinit$$00000019)
    __rt_lib_init_preinit_1                  0x080001e7   Thumb Code     0  libinit2.o(.ARM.Collect$$libinit$$00000004)
    __rt_lib_init_rand_1                     0x080001e7   Thumb Code     0  libinit2.o(.ARM.Collect$$libinit$$0000000E)
    __rt_lib_init_return                     0x080001e7   Thumb Code     0  libinit2.o(.ARM.Collect$$libinit$$00000033)
    __rt_lib_init_signal_1                   0x080001e7   Thumb Code     0  libinit2.o(.ARM.Collect$$libinit$$0000001D)
    __rt_lib_init_stdio_1                    0x080001e7   Thumb Code     0  libinit2.o(.ARM.Collect$$libinit$$00000025)
    __rt_lib_init_user_alloc_1               0x080001e7   Thumb Code     0  libinit2.o(.ARM.Collect$$libinit$$0000000C)
    __rt_lib_shutdown                        0x080001e9   Thumb Code     0  libshutdown.o(.ARM.Collect$$libshutdown$$00000000)
    __rt_lib_shutdown_cpp_1                  0x080001eb   Thumb Code     0  libshutdown2.o(.ARM.Collect$$libshutdown$$00000002)
    __rt_lib_shutdown_fp_trap_1              0x080001eb   Thumb Code     0  libshutdown2.o(.ARM.Collect$$libshutdown$$00000007)
    __rt_lib_shutdown_heap_1                 0x080001eb   Thumb Code     0  libshutdown2.o(.ARM.Collect$$libshutdown$$0000000F)
    __rt_lib_shutdown_return                 0x080001eb   Thumb Code     0  libshutdown2.o(.ARM.Collect$$libshutdown$$00000010)
    __rt_lib_shutdown_signal_1               0x080001eb   Thumb Code     0  libshutdown2.o(.ARM.Collect$$libshutdown$$0000000A)
    __rt_lib_shutdown_stdio_1                0x080001eb   Thumb Code     0  libshutdown2.o(.ARM.Collect$$libshutdown$$00000004)
    __rt_lib_shutdown_user_alloc_1           0x080001eb   Thumb Code     0  libshutdown2.o(.ARM.Collect$$libshutdown$$0000000C)
    __rt_entry                               0x080001ed   Thumb Code     0  __rtentry.o(.ARM.Collect$$rtentry$$00000000)
    __rt_entry_presh_1                       0x080001ed   Thumb Code     0  __rtentry2.o(.ARM.Collect$$rtentry$$00000002)
    __rt_entry_sh                            0x080001ed   Thumb Code     0  __rtentry4.o(.ARM.Collect$$rtentry$$00000004)
    __rt_entry_li                            0x080001f3   Thumb Code     0  __rtentry2.o(.ARM.Collect$$rtentry$$0000000A)
    __rt_entry_postsh_1                      0x080001f3   Thumb Code     0  __rtentry2.o(.ARM.Collect$$rtentry$$00000009)
    __rt_entry_main                          0x080001f7   Thumb Code     0  __rtentry2.o(.ARM.Collect$$rtentry$$0000000D)
    __rt_entry_postli_1                      0x080001f7   Thumb Code     0  __rtentry2.o(.ARM.Collect$$rtentry$$0000000C)
    __rt_exit                                0x080001ff   Thumb Code     0  rtexit.o(.ARM.Collect$$rtexit$$00000000)
    __rt_exit_ls                             0x08000201   Thumb Code     0  rtexit2.o(.ARM.Collect$$rtexit$$00000003)
    __rt_exit_prels_1                        0x08000201   Thumb Code     0  rtexit2.o(.ARM.Collect$$rtexit$$00000002)
    __rt_exit_exit                           0x08000205   Thumb Code     0  rtexit2.o(.ARM.Collect$$rtexit$$00000004)
    AT24c256_dta_Anal                        0x0800020d   Thumb Code   214  main.o(.text)
    SysInit                                  0x080002e3   Thumb Code   278  main.o(.text)
    Yuntai_jiaodushezhi                      0x080003f9   Thumb Code  1166  main.o(.text)
    jiaodu_send                              0x08000887   Thumb Code   956  main.o(.text)
    Yuntai_kongzhi                           0x08000c43   Thumb Code   508  main.o(.text)
    main                                     0x08000e3f   Thumb Code   802  main.o(.text)
    NMI_Handler                              0x080011c9   Thumb Code     2  stm32f10x_it.o(.text)
    HardFault_Handler                        0x080011cb   Thumb Code     4  stm32f10x_it.o(.text)
    MemManage_Handler                        0x080011cf   Thumb Code     4  stm32f10x_it.o(.text)
    BusFault_Handler                         0x080011d3   Thumb Code     4  stm32f10x_it.o(.text)
    UsageFault_Handler                       0x080011d7   Thumb Code     4  stm32f10x_it.o(.text)
    SVC_Handler                              0x080011db   Thumb Code     2  stm32f10x_it.o(.text)
    DebugMon_Handler                         0x080011dd   Thumb Code     2  stm32f10x_it.o(.text)
    PendSV_Handler                           0x080011df   Thumb Code     2  stm32f10x_it.o(.text)
    SysTick_Handler                          0x080011e1   Thumb Code     2  stm32f10x_it.o(.text)
    SystemInit                               0x080012c3   Thumb Code    78  system_stm32f10x.o(.text)
    SystemCoreClockUpdate                    0x08001311   Thumb Code   142  system_stm32f10x.o(.text)
    TIM2_INIT                                0x080013c5   Thumb Code   106  timer.o(.text)
    TIM2_IRQHandler                          0x0800142f   Thumb Code   324  timer.o(.text)
    TIM1_UP_IRQHandler                       0x08001573   Thumb Code   314  timer.o(.text)
    AMIS30543_Init1                          0x0800173d   Thumb Code   238  amis30543.o(.text)
    AMIS30543_Init2                          0x0800182b   Thumb Code   204  amis30543.o(.text)
    AMIS30543_NXT1_init                      0x080018f7   Thumb Code   126  amis30543.o(.text)
    AMIS30543_NXT2_init                      0x08001975   Thumb Code   126  amis30543.o(.text)
    SPI2_SetSpeed                            0x080019f3   Thumb Code    30  amis30543.o(.text)
    SPI2_ReadWriteByte                       0x08001a11   Thumb Code    78  amis30543.o(.text)
    SPI3_ReadWriteByte                       0x08001a5f   Thumb Code    78  amis30543.o(.text)
    SPI2_Byte_Write                          0x08001aad   Thumb Code   280  amis30543.o(.text)
    SPI3_Byte_Write                          0x08001bc5   Thumb Code   244  amis30543.o(.text)
    AMIS30543_INIT1                          0x08001cb9   Thumb Code   974  amis30543.o(.text)
    AMIS30543_INIT2                          0x08002087   Thumb Code  1604  amis30543.o(.text)
    GPIO_Jiance_Init                         0x08002711   Thumb Code   170  gpio.o(.text)
    UARST2_Init                              0x080027d1   Thumb Code   156  wifi.o(.text)
    USART2_IRQHandler                        0x0800286d   Thumb Code   306  wifi.o(.text)
    RS232_Send_Data                          0x0800299f   Thumb Code    56  wifi.o(.text)
    dianziluopan_Anal_Data                   0x080029d7   Thumb Code   216  wifi.o(.text)
    IIC_Init                                 0x08002acd   Thumb Code    52  24c02.o(.text)
    IIC_Start                                0x08002b01   Thumb Code    72  24c02.o(.text)
    IIC_Stop                                 0x08002b49   Thumb Code    68  24c02.o(.text)
    MCU_Wait_Ack                             0x08002b8d   Thumb Code    94  24c02.o(.text)
    MCU_Send_Ack                             0x08002beb   Thumb Code    70  24c02.o(.text)
    MCU_NOAck                                0x08002c31   Thumb Code    70  24c02.o(.text)
    IIC_Send_Byte                            0x08002c77   Thumb Code   108  24c02.o(.text)
    IIC_Read_Byte                            0x08002ce3   Thumb Code   102  24c02.o(.text)
    AT24CXX_Init                             0x08002d49   Thumb Code     8  24c02.o(.text)
    AT24CXX_ReadOneByte                      0x08002d51   Thumb Code    84  24c02.o(.text)
    AT24CXX_WriteOneByte                     0x08002da5   Thumb Code    76  24c02.o(.text)
    AT24CXX_WriteLenByte                     0x08002df1   Thumb Code    42  24c02.o(.text)
    AT24CXX_ReadLenByte                      0x08002e1b   Thumb Code    44  24c02.o(.text)
    AT24CXX_Check                            0x08002e47   Thumb Code    46  24c02.o(.text)
    AT24CXX_Read                             0x08002e75   Thumb Code    34  24c02.o(.text)
    AT24CXX_Write                            0x08002e97   Thumb Code    36  24c02.o(.text)
    Buf_4Byte                                0x08002ebb   Thumb Code    82  24c02.o(.text)
    Mortor_Accel                             0x08002f0d   Thumb Code     6  motor.o(.text)
    fuyang_Mortor_Decel                      0x08002f13   Thumb Code   206  motor.o(.text)
    fangwei_Mortor_Decel                     0x08002fe1   Thumb Code   194  motor.o(.text)
    TIM1_Int_Init                            0x080030e1   Thumb Code   108  pwm.o(.text)
    TIM3_Int_Init                            0x0800314d   Thumb Code   104  pwm.o(.text)
    TIM4_PWM_Init                            0x080031b5   Thumb Code   110  pwm.o(.text)
    TIM5_PWM_Init                            0x08003223   Thumb Code   144  pwm.o(.text)
    TIM3_IRQHandler                          0x080032b3   Thumb Code   316  pwm.o(.text)
    delay_init                               0x08003449   Thumb Code    50  delay.o(.text)
    delay_us                                 0x0800347b   Thumb Code    72  delay.o(.text)
    delay_ms                                 0x080034c3   Thumb Code    72  delay.o(.text)
    _sys_exit                                0x0800351d   Thumb Code     4  usart.o(.text)
    fputc                                    0x08003521   Thumb Code    24  usart.o(.text)
    uart_init                                0x08003539   Thumb Code   152  usart.o(.text)
    USART1_IRQHandler                        0x080035d1   Thumb Code   152  usart.o(.text)
    RS485_Send_Data                          0x08003669   Thumb Code    54  usart.o(.text)
    cal_crc                                  0x0800369f   Thumb Code    76  usart.o(.text)
    calc_deg_fun                             0x080036eb   Thumb Code   360  usart.o(.text)
    RS232_data_Anal                          0x08003853   Thumb Code   594  usart.o(.text)
    RS422_Send_Data                          0x08003aa5   Thumb Code    62  usart.o(.text)
    Reset_Handler                            0x08003b41   Thumb Code     8  startup_stm32f10x_hd.o(.text)
    ADC1_2_IRQHandler                        0x08003b5b   Thumb Code     0  startup_stm32f10x_hd.o(.text)
    ADC3_IRQHandler                          0x08003b5b   Thumb Code     0  startup_stm32f10x_hd.o(.text)
    CAN1_RX1_IRQHandler                      0x08003b5b   Thumb Code     0  startup_stm32f10x_hd.o(.text)
    CAN1_SCE_IRQHandler                      0x08003b5b   Thumb Code     0  startup_stm32f10x_hd.o(.text)
    DMA1_Channel1_IRQHandler                 0x08003b5b   Thumb Code     0  startup_stm32f10x_hd.o(.text)
    DMA1_Channel2_IRQHandler                 0x08003b5b   Thumb Code     0  startup_stm32f10x_hd.o(.text)
    DMA1_Channel3_IRQHandler                 0x08003b5b   Thumb Code     0  startup_stm32f10x_hd.o(.text)
    DMA1_Channel4_IRQHandler                 0x08003b5b   Thumb Code     0  startup_stm32f10x_hd.o(.text)
    DMA1_Channel5_IRQHandler                 0x08003b5b   Thumb Code     0  startup_stm32f10x_hd.o(.text)
    DMA1_Channel6_IRQHandler                 0x08003b5b   Thumb Code     0  startup_stm32f10x_hd.o(.text)
    DMA1_Channel7_IRQHandler                 0x08003b5b   Thumb Code     0  startup_stm32f10x_hd.o(.text)
    DMA2_Channel1_IRQHandler                 0x08003b5b   Thumb Code     0  startup_stm32f10x_hd.o(.text)
    DMA2_Channel2_IRQHandler                 0x08003b5b   Thumb Code     0  startup_stm32f10x_hd.o(.text)
    DMA2_Channel3_IRQHandler                 0x08003b5b   Thumb Code     0  startup_stm32f10x_hd.o(.text)
    DMA2_Channel4_5_IRQHandler               0x08003b5b   Thumb Code     0  startup_stm32f10x_hd.o(.text)
    EXTI0_IRQHandler                         0x08003b5b   Thumb Code     0  startup_stm32f10x_hd.o(.text)
    EXTI15_10_IRQHandler                     0x08003b5b   Thumb Code     0  startup_stm32f10x_hd.o(.text)
    EXTI1_IRQHandler                         0x08003b5b   Thumb Code     0  startup_stm32f10x_hd.o(.text)
    EXTI2_IRQHandler                         0x08003b5b   Thumb Code     0  startup_stm32f10x_hd.o(.text)
    EXTI3_IRQHandler                         0x08003b5b   Thumb Code     0  startup_stm32f10x_hd.o(.text)
    EXTI4_IRQHandler                         0x08003b5b   Thumb Code     0  startup_stm32f10x_hd.o(.text)
    EXTI9_5_IRQHandler                       0x08003b5b   Thumb Code     0  startup_stm32f10x_hd.o(.text)
    FLASH_IRQHandler                         0x08003b5b   Thumb Code     0  startup_stm32f10x_hd.o(.text)
    FSMC_IRQHandler                          0x08003b5b   Thumb Code     0  startup_stm32f10x_hd.o(.text)
    I2C1_ER_IRQHandler                       0x08003b5b   Thumb Code     0  startup_stm32f10x_hd.o(.text)
    I2C1_EV_IRQHandler                       0x08003b5b   Thumb Code     0  startup_stm32f10x_hd.o(.text)
    I2C2_ER_IRQHandler                       0x08003b5b   Thumb Code     0  startup_stm32f10x_hd.o(.text)
    I2C2_EV_IRQHandler                       0x08003b5b   Thumb Code     0  startup_stm32f10x_hd.o(.text)
    PVD_IRQHandler                           0x08003b5b   Thumb Code     0  startup_stm32f10x_hd.o(.text)
    RCC_IRQHandler                           0x08003b5b   Thumb Code     0  startup_stm32f10x_hd.o(.text)
    RTCAlarm_IRQHandler                      0x08003b5b   Thumb Code     0  startup_stm32f10x_hd.o(.text)
    RTC_IRQHandler                           0x08003b5b   Thumb Code     0  startup_stm32f10x_hd.o(.text)
    SDIO_IRQHandler                          0x08003b5b   Thumb Code     0  startup_stm32f10x_hd.o(.text)
    SPI1_IRQHandler                          0x08003b5b   Thumb Code     0  startup_stm32f10x_hd.o(.text)
    SPI2_IRQHandler                          0x08003b5b   Thumb Code     0  startup_stm32f10x_hd.o(.text)
    SPI3_IRQHandler                          0x08003b5b   Thumb Code     0  startup_stm32f10x_hd.o(.text)
    TAMPER_IRQHandler                        0x08003b5b   Thumb Code     0  startup_stm32f10x_hd.o(.text)
    TIM1_BRK_IRQHandler                      0x08003b5b   Thumb Code     0  startup_stm32f10x_hd.o(.text)
    TIM1_CC_IRQHandler                       0x08003b5b   Thumb Code     0  startup_stm32f10x_hd.o(.text)
    TIM1_TRG_COM_IRQHandler                  0x08003b5b   Thumb Code     0  startup_stm32f10x_hd.o(.text)
    TIM4_IRQHandler                          0x08003b5b   Thumb Code     0  startup_stm32f10x_hd.o(.text)
    TIM5_IRQHandler                          0x08003b5b   Thumb Code     0  startup_stm32f10x_hd.o(.text)
    TIM6_IRQHandler                          0x08003b5b   Thumb Code     0  startup_stm32f10x_hd.o(.text)
    TIM7_IRQHandler                          0x08003b5b   Thumb Code     0  startup_stm32f10x_hd.o(.text)
    TIM8_BRK_IRQHandler                      0x08003b5b   Thumb Code     0  startup_stm32f10x_hd.o(.text)
    TIM8_CC_IRQHandler                       0x08003b5b   Thumb Code     0  startup_stm32f10x_hd.o(.text)
    TIM8_TRG_COM_IRQHandler                  0x08003b5b   Thumb Code     0  startup_stm32f10x_hd.o(.text)
    TIM8_UP_IRQHandler                       0x08003b5b   Thumb Code     0  startup_stm32f10x_hd.o(.text)
    UART4_IRQHandler                         0x08003b5b   Thumb Code     0  startup_stm32f10x_hd.o(.text)
    UART5_IRQHandler                         0x08003b5b   Thumb Code     0  startup_stm32f10x_hd.o(.text)
    USART3_IRQHandler                        0x08003b5b   Thumb Code     0  startup_stm32f10x_hd.o(.text)
    USBWakeUp_IRQHandler                     0x08003b5b   Thumb Code     0  startup_stm32f10x_hd.o(.text)
    USB_HP_CAN1_TX_IRQHandler                0x08003b5b   Thumb Code     0  startup_stm32f10x_hd.o(.text)
    USB_LP_CAN1_RX0_IRQHandler               0x08003b5b   Thumb Code     0  startup_stm32f10x_hd.o(.text)
    WWDG_IRQHandler                          0x08003b5b   Thumb Code     0  startup_stm32f10x_hd.o(.text)
    __user_initial_stackheap                 0x08003b5d   Thumb Code     0  startup_stm32f10x_hd.o(.text)
    GPIO_DeInit                              0x08003b81   Thumb Code   172  stm32f10x_gpio.o(.text)
    GPIO_AFIODeInit                          0x08003c2d   Thumb Code    20  stm32f10x_gpio.o(.text)
    GPIO_Init                                0x08003c41   Thumb Code   278  stm32f10x_gpio.o(.text)
    GPIO_StructInit                          0x08003d57   Thumb Code    16  stm32f10x_gpio.o(.text)
    GPIO_ReadInputDataBit                    0x08003d67   Thumb Code    18  stm32f10x_gpio.o(.text)
    GPIO_ReadInputData                       0x08003d79   Thumb Code     8  stm32f10x_gpio.o(.text)
    GPIO_ReadOutputDataBit                   0x08003d81   Thumb Code    18  stm32f10x_gpio.o(.text)
    GPIO_ReadOutputData                      0x08003d93   Thumb Code     8  stm32f10x_gpio.o(.text)
    GPIO_SetBits                             0x08003d9b   Thumb Code     4  stm32f10x_gpio.o(.text)
    GPIO_ResetBits                           0x08003d9f   Thumb Code     4  stm32f10x_gpio.o(.text)
    GPIO_WriteBit                            0x08003da3   Thumb Code    10  stm32f10x_gpio.o(.text)
    GPIO_Write                               0x08003dad   Thumb Code     4  stm32f10x_gpio.o(.text)
    GPIO_PinLockConfig                       0x08003db1   Thumb Code    18  stm32f10x_gpio.o(.text)
    GPIO_EventOutputConfig                   0x08003dc3   Thumb Code    26  stm32f10x_gpio.o(.text)
    GPIO_EventOutputCmd                      0x08003ddd   Thumb Code     6  stm32f10x_gpio.o(.text)
    GPIO_PinRemapConfig                      0x08003de3   Thumb Code   138  stm32f10x_gpio.o(.text)
    GPIO_EXTILineConfig                      0x08003e6d   Thumb Code    66  stm32f10x_gpio.o(.text)
    GPIO_ETH_MediaInterfaceConfig            0x08003eaf   Thumb Code     8  stm32f10x_gpio.o(.text)
    RCC_DeInit                               0x08003edd   Thumb Code    64  stm32f10x_rcc.o(.text)
    RCC_HSEConfig                            0x08003f1d   Thumb Code    70  stm32f10x_rcc.o(.text)
    RCC_GetFlagStatus                        0x08003f63   Thumb Code    56  stm32f10x_rcc.o(.text)
    RCC_WaitForHSEStartUp                    0x08003f9b   Thumb Code    56  stm32f10x_rcc.o(.text)
    RCC_AdjustHSICalibrationValue            0x08003fd3   Thumb Code    20  stm32f10x_rcc.o(.text)
    RCC_HSICmd                               0x08003fe7   Thumb Code     6  stm32f10x_rcc.o(.text)
    RCC_PLLConfig                            0x08003fed   Thumb Code    24  stm32f10x_rcc.o(.text)
    RCC_PLLCmd                               0x08004005   Thumb Code     6  stm32f10x_rcc.o(.text)
    RCC_SYSCLKConfig                         0x0800400b   Thumb Code    18  stm32f10x_rcc.o(.text)
    RCC_GetSYSCLKSource                      0x0800401d   Thumb Code    10  stm32f10x_rcc.o(.text)
    RCC_HCLKConfig                           0x08004027   Thumb Code    18  stm32f10x_rcc.o(.text)
    RCC_PCLK1Config                          0x08004039   Thumb Code    18  stm32f10x_rcc.o(.text)
    RCC_PCLK2Config                          0x0800404b   Thumb Code    20  stm32f10x_rcc.o(.text)
    RCC_ITConfig                             0x0800405f   Thumb Code    26  stm32f10x_rcc.o(.text)
    RCC_USBCLKConfig                         0x08004079   Thumb Code     8  stm32f10x_rcc.o(.text)
    RCC_ADCCLKConfig                         0x08004081   Thumb Code    18  stm32f10x_rcc.o(.text)
    RCC_LSEConfig                            0x08004093   Thumb Code    50  stm32f10x_rcc.o(.text)
    RCC_LSICmd                               0x080040c5   Thumb Code     6  stm32f10x_rcc.o(.text)
    RCC_RTCCLKConfig                         0x080040cb   Thumb Code    12  stm32f10x_rcc.o(.text)
    RCC_RTCCLKCmd                            0x080040d7   Thumb Code     8  stm32f10x_rcc.o(.text)
    RCC_GetClocksFreq                        0x080040df   Thumb Code   192  stm32f10x_rcc.o(.text)
    RCC_AHBPeriphClockCmd                    0x0800419f   Thumb Code    26  stm32f10x_rcc.o(.text)
    RCC_APB2PeriphClockCmd                   0x080041b9   Thumb Code    26  stm32f10x_rcc.o(.text)
    RCC_APB1PeriphClockCmd                   0x080041d3   Thumb Code    26  stm32f10x_rcc.o(.text)
    RCC_APB2PeriphResetCmd                   0x080041ed   Thumb Code    26  stm32f10x_rcc.o(.text)
    RCC_APB1PeriphResetCmd                   0x08004207   Thumb Code    26  stm32f10x_rcc.o(.text)
    RCC_BackupResetCmd                       0x08004221   Thumb Code     8  stm32f10x_rcc.o(.text)
    RCC_ClockSecuritySystemCmd               0x08004229   Thumb Code     6  stm32f10x_rcc.o(.text)
    RCC_MCOConfig                            0x0800422f   Thumb Code     6  stm32f10x_rcc.o(.text)
    RCC_ClearFlag                            0x08004235   Thumb Code    14  stm32f10x_rcc.o(.text)
    RCC_GetITStatus                          0x08004243   Thumb Code    20  stm32f10x_rcc.o(.text)
    RCC_ClearITPendingBit                    0x08004257   Thumb Code     6  stm32f10x_rcc.o(.text)
    USART_DeInit                             0x08004281   Thumb Code   134  stm32f10x_usart.o(.text)
    USART_Init                               0x08004307   Thumb Code   210  stm32f10x_usart.o(.text)
    USART_StructInit                         0x080043d9   Thumb Code    24  stm32f10x_usart.o(.text)
    USART_ClockInit                          0x080043f1   Thumb Code    34  stm32f10x_usart.o(.text)
    USART_ClockStructInit                    0x08004413   Thumb Code    12  stm32f10x_usart.o(.text)
    USART_Cmd                                0x0800441f   Thumb Code    24  stm32f10x_usart.o(.text)
    USART_ITConfig                           0x08004437   Thumb Code    74  stm32f10x_usart.o(.text)
    USART_DMACmd                             0x08004481   Thumb Code    18  stm32f10x_usart.o(.text)
    USART_SetAddress                         0x08004493   Thumb Code    18  stm32f10x_usart.o(.text)
    USART_WakeUpConfig                       0x080044a5   Thumb Code    18  stm32f10x_usart.o(.text)
    USART_ReceiverWakeUpCmd                  0x080044b7   Thumb Code    24  stm32f10x_usart.o(.text)
    USART_LINBreakDetectLengthConfig         0x080044cf   Thumb Code    18  stm32f10x_usart.o(.text)
    USART_LINCmd                             0x080044e1   Thumb Code    24  stm32f10x_usart.o(.text)
    USART_SendData                           0x080044f9   Thumb Code     8  stm32f10x_usart.o(.text)
    USART_ReceiveData                        0x08004501   Thumb Code    10  stm32f10x_usart.o(.text)
    USART_SendBreak                          0x0800450b   Thumb Code    10  stm32f10x_usart.o(.text)
    USART_SetGuardTime                       0x08004515   Thumb Code    16  stm32f10x_usart.o(.text)
    USART_SetPrescaler                       0x08004525   Thumb Code    16  stm32f10x_usart.o(.text)
    USART_SmartCardCmd                       0x08004535   Thumb Code    24  stm32f10x_usart.o(.text)
    USART_SmartCardNACKCmd                   0x0800454d   Thumb Code    24  stm32f10x_usart.o(.text)
    USART_HalfDuplexCmd                      0x08004565   Thumb Code    24  stm32f10x_usart.o(.text)
    USART_OverSampling8Cmd                   0x0800457d   Thumb Code    22  stm32f10x_usart.o(.text)
    USART_OneBitMethodCmd                    0x08004593   Thumb Code    24  stm32f10x_usart.o(.text)
    USART_IrDAConfig                         0x080045ab   Thumb Code    18  stm32f10x_usart.o(.text)
    USART_IrDACmd                            0x080045bd   Thumb Code    24  stm32f10x_usart.o(.text)
    USART_GetFlagStatus                      0x080045d5   Thumb Code    26  stm32f10x_usart.o(.text)
    USART_ClearFlag                          0x080045ef   Thumb Code    18  stm32f10x_usart.o(.text)
    USART_GetITStatus                        0x08004601   Thumb Code    84  stm32f10x_usart.o(.text)
    USART_ClearITPendingBit                  0x08004655   Thumb Code    52  stm32f10x_usart.o(.text)
    NVIC_PriorityGroupConfig                 0x08004689   Thumb Code    10  misc.o(.text)
    NVIC_Init                                0x08004693   Thumb Code   100  misc.o(.text)
    NVIC_SetVectorTable                      0x080046f7   Thumb Code    14  misc.o(.text)
    NVIC_SystemLPConfig                      0x08004705   Thumb Code    34  misc.o(.text)
    SysTick_CLKSourceConfig                  0x08004727   Thumb Code    40  misc.o(.text)
    TIM_DeInit                               0x08004765   Thumb Code   424  stm32f10x_tim.o(.text)
    TIM_TimeBaseInit                         0x0800490d   Thumb Code   122  stm32f10x_tim.o(.text)
    TIM_OC1Init                              0x08004987   Thumb Code   132  stm32f10x_tim.o(.text)
    TIM_OC2Init                              0x08004a0b   Thumb Code   154  stm32f10x_tim.o(.text)
    TIM_OC3Init                              0x08004aa5   Thumb Code   150  stm32f10x_tim.o(.text)
    TIM_OC4Init                              0x08004b3b   Thumb Code   182  stm32f10x_tim.o(.text)
    TIM_SetIC4Prescaler                      0x08004bf1   Thumb Code    26  stm32f10x_tim.o(.text)
    TIM_SetIC3Prescaler                      0x08004c8d   Thumb Code    18  stm32f10x_tim.o(.text)
    TIM_SetIC2Prescaler                      0x08004d19   Thumb Code    26  stm32f10x_tim.o(.text)
    TIM_SetIC1Prescaler                      0x08004db5   Thumb Code    18  stm32f10x_tim.o(.text)
    TIM_ICInit                               0x08004e33   Thumb Code   150  stm32f10x_tim.o(.text)
    TIM_PWMIConfig                           0x08004ec9   Thumb Code   124  stm32f10x_tim.o(.text)
    TIM_BDTRConfig                           0x08004f45   Thumb Code    32  stm32f10x_tim.o(.text)
    TIM_TimeBaseStructInit                   0x08004f65   Thumb Code    18  stm32f10x_tim.o(.text)
    TIM_OCStructInit                         0x08004f77   Thumb Code    20  stm32f10x_tim.o(.text)
    TIM_ICStructInit                         0x08004f8b   Thumb Code    18  stm32f10x_tim.o(.text)
    TIM_BDTRStructInit                       0x08004f9d   Thumb Code    40  stm32f10x_tim.o(.text)
    TIM_Cmd                                  0x08004fc5   Thumb Code    24  stm32f10x_tim.o(.text)
    TIM_CtrlPWMOutputs                       0x08004fdd   Thumb Code    30  stm32f10x_tim.o(.text)
    TIM_ITConfig                             0x08004ffb   Thumb Code    18  stm32f10x_tim.o(.text)
    TIM_GenerateEvent                        0x0800500d   Thumb Code     4  stm32f10x_tim.o(.text)
    TIM_DMAConfig                            0x08005011   Thumb Code    10  stm32f10x_tim.o(.text)
    TIM_DMACmd                               0x0800501b   Thumb Code    18  stm32f10x_tim.o(.text)
    TIM_InternalClockConfig                  0x0800502d   Thumb Code    12  stm32f10x_tim.o(.text)
    TIM_SelectInputTrigger                   0x08005039   Thumb Code    18  stm32f10x_tim.o(.text)
    TIM_ITRxExternalClockConfig              0x0800504b   Thumb Code    24  stm32f10x_tim.o(.text)
    TIM_TIxExternalClockConfig               0x08005063   Thumb Code    62  stm32f10x_tim.o(.text)
    TIM_ETRConfig                            0x080050a1   Thumb Code    28  stm32f10x_tim.o(.text)
    TIM_ETRClockMode1Config                  0x080050bd   Thumb Code    54  stm32f10x_tim.o(.text)
    TIM_ETRClockMode2Config                  0x080050f3   Thumb Code    32  stm32f10x_tim.o(.text)
    TIM_PrescalerConfig                      0x08005113   Thumb Code     6  stm32f10x_tim.o(.text)
    TIM_CounterModeConfig                    0x08005119   Thumb Code    18  stm32f10x_tim.o(.text)
    TIM_EncoderInterfaceConfig               0x0800512b   Thumb Code    66  stm32f10x_tim.o(.text)
    TIM_ForcedOC1Config                      0x0800516d   Thumb Code    18  stm32f10x_tim.o(.text)
    TIM_ForcedOC2Config                      0x0800517f   Thumb Code    26  stm32f10x_tim.o(.text)
    TIM_ForcedOC3Config                      0x08005199   Thumb Code    18  stm32f10x_tim.o(.text)
    TIM_ForcedOC4Config                      0x080051ab   Thumb Code    26  stm32f10x_tim.o(.text)
    TIM_ARRPreloadConfig                     0x080051c5   Thumb Code    24  stm32f10x_tim.o(.text)
    TIM_SelectCOM                            0x080051dd   Thumb Code    24  stm32f10x_tim.o(.text)
    TIM_SelectCCDMA                          0x080051f5   Thumb Code    24  stm32f10x_tim.o(.text)
    TIM_CCPreloadControl                     0x0800520d   Thumb Code    24  stm32f10x_tim.o(.text)
    TIM_OC1PreloadConfig                     0x08005225   Thumb Code    18  stm32f10x_tim.o(.text)
    TIM_OC2PreloadConfig                     0x08005237   Thumb Code    26  stm32f10x_tim.o(.text)
    TIM_OC3PreloadConfig                     0x08005251   Thumb Code    18  stm32f10x_tim.o(.text)
    TIM_OC4PreloadConfig                     0x08005263   Thumb Code    26  stm32f10x_tim.o(.text)
    TIM_OC1FastConfig                        0x0800527d   Thumb Code    18  stm32f10x_tim.o(.text)
    TIM_OC2FastConfig                        0x0800528f   Thumb Code    26  stm32f10x_tim.o(.text)
    TIM_OC3FastConfig                        0x080052a9   Thumb Code    18  stm32f10x_tim.o(.text)
    TIM_OC4FastConfig                        0x080052bb   Thumb Code    26  stm32f10x_tim.o(.text)
    TIM_ClearOC1Ref                          0x080052d5   Thumb Code    18  stm32f10x_tim.o(.text)
    TIM_ClearOC2Ref                          0x080052e7   Thumb Code    24  stm32f10x_tim.o(.text)
    TIM_ClearOC3Ref                          0x080052ff   Thumb Code    18  stm32f10x_tim.o(.text)
    TIM_ClearOC4Ref                          0x08005311   Thumb Code    24  stm32f10x_tim.o(.text)
    TIM_OC1PolarityConfig                    0x08005329   Thumb Code    18  stm32f10x_tim.o(.text)
    TIM_OC1NPolarityConfig                   0x0800533b   Thumb Code    18  stm32f10x_tim.o(.text)
    TIM_OC2PolarityConfig                    0x0800534d   Thumb Code    26  stm32f10x_tim.o(.text)
    TIM_OC2NPolarityConfig                   0x08005367   Thumb Code    26  stm32f10x_tim.o(.text)
    TIM_OC3PolarityConfig                    0x08005381   Thumb Code    26  stm32f10x_tim.o(.text)
    TIM_OC3NPolarityConfig                   0x0800539b   Thumb Code    26  stm32f10x_tim.o(.text)
    TIM_OC4PolarityConfig                    0x080053b5   Thumb Code    26  stm32f10x_tim.o(.text)
    TIM_CCxCmd                               0x080053cf   Thumb Code    30  stm32f10x_tim.o(.text)
    TIM_CCxNCmd                              0x080053ed   Thumb Code    30  stm32f10x_tim.o(.text)
    TIM_SelectOCxM                           0x0800540b   Thumb Code    82  stm32f10x_tim.o(.text)
    TIM_UpdateDisableConfig                  0x0800545d   Thumb Code    24  stm32f10x_tim.o(.text)
    TIM_UpdateRequestConfig                  0x08005475   Thumb Code    24  stm32f10x_tim.o(.text)
    TIM_SelectHallSensor                     0x0800548d   Thumb Code    24  stm32f10x_tim.o(.text)
    TIM_SelectOnePulseMode                   0x080054a5   Thumb Code    18  stm32f10x_tim.o(.text)
    TIM_SelectOutputTrigger                  0x080054b7   Thumb Code    18  stm32f10x_tim.o(.text)
    TIM_SelectSlaveMode                      0x080054c9   Thumb Code    18  stm32f10x_tim.o(.text)
    TIM_SelectMasterSlaveMode                0x080054db   Thumb Code    18  stm32f10x_tim.o(.text)
    TIM_SetCounter                           0x080054ed   Thumb Code     4  stm32f10x_tim.o(.text)
    TIM_SetAutoreload                        0x080054f1   Thumb Code     4  stm32f10x_tim.o(.text)
    TIM_SetCompare1                          0x080054f5   Thumb Code     4  stm32f10x_tim.o(.text)
    TIM_SetCompare2                          0x080054f9   Thumb Code     4  stm32f10x_tim.o(.text)
    TIM_SetCompare3                          0x080054fd   Thumb Code     4  stm32f10x_tim.o(.text)
    TIM_SetCompare4                          0x08005501   Thumb Code     6  stm32f10x_tim.o(.text)
    TIM_SetClockDivision                     0x08005507   Thumb Code    18  stm32f10x_tim.o(.text)
    TIM_GetCapture1                          0x08005519   Thumb Code     6  stm32f10x_tim.o(.text)
    TIM_GetCapture2                          0x0800551f   Thumb Code     6  stm32f10x_tim.o(.text)
    TIM_GetCapture3                          0x08005525   Thumb Code     6  stm32f10x_tim.o(.text)
    TIM_GetCapture4                          0x0800552b   Thumb Code     8  stm32f10x_tim.o(.text)
    TIM_GetCounter                           0x08005533   Thumb Code     6  stm32f10x_tim.o(.text)
    TIM_GetPrescaler                         0x08005539   Thumb Code     6  stm32f10x_tim.o(.text)
    TIM_GetFlagStatus                        0x0800553f   Thumb Code    18  stm32f10x_tim.o(.text)
    TIM_ClearFlag                            0x08005551   Thumb Code     6  stm32f10x_tim.o(.text)
    TIM_GetITStatus                          0x08005557   Thumb Code    34  stm32f10x_tim.o(.text)
    TIM_ClearITPendingBit                    0x08005579   Thumb Code     6  stm32f10x_tim.o(.text)
    SPI_I2S_DeInit                           0x08005581   Thumb Code    76  stm32f10x_spi.o(.text)
    SPI_Init                                 0x080055cd   Thumb Code    60  stm32f10x_spi.o(.text)
    I2S_Init                                 0x08005609   Thumb Code   226  stm32f10x_spi.o(.text)
    SPI_StructInit                           0x080056eb   Thumb Code    24  stm32f10x_spi.o(.text)
    I2S_StructInit                           0x08005703   Thumb Code    20  stm32f10x_spi.o(.text)
    SPI_Cmd                                  0x08005717   Thumb Code    24  stm32f10x_spi.o(.text)
    I2S_Cmd                                  0x0800572f   Thumb Code    24  stm32f10x_spi.o(.text)
    SPI_I2S_ITConfig                         0x08005747   Thumb Code    32  stm32f10x_spi.o(.text)
    SPI_I2S_DMACmd                           0x08005767   Thumb Code    18  stm32f10x_spi.o(.text)
    SPI_I2S_SendData                         0x08005779   Thumb Code     4  stm32f10x_spi.o(.text)
    SPI_I2S_ReceiveData                      0x0800577d   Thumb Code     6  stm32f10x_spi.o(.text)
    SPI_NSSInternalSoftwareConfig            0x08005783   Thumb Code    30  stm32f10x_spi.o(.text)
    SPI_SSOutputCmd                          0x080057a1   Thumb Code    24  stm32f10x_spi.o(.text)
    SPI_DataSizeConfig                       0x080057b9   Thumb Code    18  stm32f10x_spi.o(.text)
    SPI_TransmitCRC                          0x080057cb   Thumb Code    10  stm32f10x_spi.o(.text)
    SPI_CalculateCRC                         0x080057d5   Thumb Code    24  stm32f10x_spi.o(.text)
    SPI_GetCRC                               0x080057ed   Thumb Code    16  stm32f10x_spi.o(.text)
    SPI_GetCRCPolynomial                     0x080057fd   Thumb Code     6  stm32f10x_spi.o(.text)
    SPI_BiDirectionalLineConfig              0x08005803   Thumb Code    28  stm32f10x_spi.o(.text)
    SPI_I2S_GetFlagStatus                    0x0800581f   Thumb Code    18  stm32f10x_spi.o(.text)
    SPI_I2S_ClearFlag                        0x08005831   Thumb Code     6  stm32f10x_spi.o(.text)
    SPI_I2S_GetITStatus                      0x08005837   Thumb Code    52  stm32f10x_spi.o(.text)
    SPI_I2S_ClearITPendingBit                0x0800586b   Thumb Code    20  stm32f10x_spi.o(.text)
    __use_no_semihosting                     0x0800588d   Thumb Code     2  use_no_semi_2.o(.text)
    __aeabi_memclr                           0x0800588f   Thumb Code     0  rt_memclr.o(.text)
    __rt_memclr                              0x0800588f   Thumb Code    68  rt_memclr.o(.text)
    _memset                                  0x08005893   Thumb Code     0  rt_memclr.o(.text)
    __use_two_region_memory                  0x080058d3   Thumb Code     2  heapauxi.o(.text)
    __rt_heap_escrow$2region                 0x080058d5   Thumb Code     2  heapauxi.o(.text)
    __rt_heap_expand$2region                 0x080058d7   Thumb Code     2  heapauxi.o(.text)
    __I$use$semihosting                      0x080058d9   Thumb Code     0  use_no_semi.o(.text)
    __use_no_semihosting_swi                 0x080058d9   Thumb Code     2  use_no_semi.o(.text)
    __aeabi_memclr4                          0x080058db   Thumb Code     0  rt_memclr_w.o(.text)
    __aeabi_memclr8                          0x080058db   Thumb Code     0  rt_memclr_w.o(.text)
    __rt_memclr_w                            0x080058db   Thumb Code    78  rt_memclr_w.o(.text)
    _memset_w                                0x080058df   Thumb Code     0  rt_memclr_w.o(.text)
    __user_setup_stackheap                   0x08005929   Thumb Code    74  sys_stackheap_outer.o(.text)
    exit                                     0x08005973   Thumb Code    18  exit.o(.text)
    __user_libspace                          0x08005985   Thumb Code     8  libspace.o(.text)
    __user_perproc_libspace                  0x08005985   Thumb Code     0  libspace.o(.text)
    __user_perthread_libspace                0x08005985   Thumb Code     0  libspace.o(.text)
    __aeabi_d2f                              0x0800598d   Thumb Code     0  d2f.o(x$fpl$d2f)
    _d2f                                     0x0800598d   Thumb Code    98  d2f.o(x$fpl$d2f)
    __aeabi_dadd                             0x080059f1   Thumb Code     0  daddsub_clz.o(x$fpl$dadd)
    _dadd                                    0x080059f1   Thumb Code   332  daddsub_clz.o(x$fpl$dadd)
    __fpl_dcmp_Inf                           0x08005b41   Thumb Code    24  dcmpi.o(x$fpl$dcmpinf)
    __aeabi_ddiv                             0x08005b59   Thumb Code     0  ddiv.o(x$fpl$ddiv)
    _ddiv                                    0x08005b59   Thumb Code   552  ddiv.o(x$fpl$ddiv)
    __aeabi_d2iz                             0x08005e09   Thumb Code     0  dfix.o(x$fpl$dfix)
    _dfix                                    0x08005e09   Thumb Code    94  dfix.o(x$fpl$dfix)
    __aeabi_d2uiz                            0x08005e69   Thumb Code     0  dfixu.o(x$fpl$dfixu)
    _dfixu                                   0x08005e69   Thumb Code    90  dfixu.o(x$fpl$dfixu)
    __aeabi_i2d                              0x08005ec3   Thumb Code     0  dflt_clz.o(x$fpl$dflt)
    _dflt                                    0x08005ec3   Thumb Code    46  dflt_clz.o(x$fpl$dflt)
    __aeabi_ui2d                             0x08005ef1   Thumb Code     0  dflt_clz.o(x$fpl$dfltu)
    _dfltu                                   0x08005ef1   Thumb Code    38  dflt_clz.o(x$fpl$dfltu)
    __aeabi_cdcmple                          0x08005f19   Thumb Code     0  dleqf.o(x$fpl$dleqf)
    _dcmple                                  0x08005f19   Thumb Code   120  dleqf.o(x$fpl$dleqf)
    __fpl_dcmple_InfNaN                      0x08005f7b   Thumb Code     0  dleqf.o(x$fpl$dleqf)
    __aeabi_dmul                             0x08005f91   Thumb Code     0  dmul.o(x$fpl$dmul)
    _dmul                                    0x08005f91   Thumb Code   332  dmul.o(x$fpl$dmul)
    __fpl_dnaninf                            0x080060e5   Thumb Code   156  dnaninf.o(x$fpl$dnaninf)
    __fpl_dretinf                            0x08006181   Thumb Code    12  dretinf.o(x$fpl$dretinf)
    __aeabi_cdrcmple                         0x0800618d   Thumb Code     0  drleqf.o(x$fpl$drleqf)
    _drcmple                                 0x0800618d   Thumb Code   108  drleqf.o(x$fpl$drleqf)
    __aeabi_dsub                             0x080061f9   Thumb Code     0  daddsub_clz.o(x$fpl$dsub)
    _dsub                                    0x080061f9   Thumb Code   464  daddsub_clz.o(x$fpl$dsub)
    __aeabi_f2d                              0x080063cd   Thumb Code     0  f2d.o(x$fpl$f2d)
    _f2d                                     0x080063cd   Thumb Code    86  f2d.o(x$fpl$f2d)
    __aeabi_fadd                             0x08006425   Thumb Code     0  faddsub_clz.o(x$fpl$fadd)
    _fadd                                    0x08006425   Thumb Code   196  faddsub_clz.o(x$fpl$fadd)
    __aeabi_fdiv                             0x080064e9   Thumb Code     0  fdiv.o(x$fpl$fdiv)
    _fdiv                                    0x080064e9   Thumb Code   384  fdiv.o(x$fpl$fdiv)
    __aeabi_f2uiz                            0x0800666d   Thumb Code     0  ffixu.o(x$fpl$ffixu)
    _ffixu                                   0x0800666d   Thumb Code    62  ffixu.o(x$fpl$ffixu)
    __aeabi_fmul                             0x080066ad   Thumb Code     0  fmul.o(x$fpl$fmul)
    _fmul                                    0x080066ad   Thumb Code   258  fmul.o(x$fpl$fmul)
    __fpl_fnaninf                            0x080067af   Thumb Code   140  fnaninf.o(x$fpl$fnaninf)
    __fpl_fretinf                            0x0800683b   Thumb Code    10  fretinf.o(x$fpl$fretinf)
    __aeabi_fsub                             0x08006845   Thumb Code     0  faddsub_clz.o(x$fpl$fsub)
    _fsub                                    0x08006845   Thumb Code   234  faddsub_clz.o(x$fpl$fsub)
    __I$use$fp                               0x0800692e   Number         0  usenofp.o(x$fpl$usenofp)
    Region$$Table$$Base                      0x08006930   Number         0  anon$$obj.o(Region$$Table)
    Region$$Table$$Limit                     0x08006950   Number         0  anon$$obj.o(Region$$Table)
    fy_reset_flag                            0x20000000   Data           1  main.o(.data)
    fy_Init_flag                             0x20000001   Data           1  main.o(.data)
    fw_Init_flag                             0x20000002   Data           1  main.o(.data)
    fw_reset_flag                            0x20000003   Data           1  main.o(.data)
    guc_WorkCurrent                          0x20000004   Data           1  main.o(.data)
    guc_WorkCurrent1                         0x20000005   Data           1  main.o(.data)
    guc_StepDivisor                          0x20000006   Data           1  main.o(.data)
    guc_StepDivisor1                         0x20000007   Data           1  main.o(.data)
    shuipingfuyangjiao_diwei                 0x20000008   Data           1  main.o(.data)
    fuyang_shezhi_guocheng_flag              0x20000009   Data           1  main.o(.data)
    fangwei_shezhi_guocheng_flag             0x2000000a   Data           1  main.o(.data)
    gul_fuyang_jiaodu                        0x2000000c   Data           2  main.o(.data)
    gul_fangwei_jiaodu                       0x2000000e   Data           2  main.o(.data)
    crc_fasong_Result                        0x20000010   Data           2  main.o(.data)
    crc_fasong_gaowei                        0x20000012   Data           1  main.o(.data)
    crc_fasong_diwei                         0x20000013   Data           1  main.o(.data)
    fangwei_jiaodu_diwei                     0x20000014   Data           1  main.o(.data)
    fuyang_jiaodu_diwei                      0x20000015   Data           1  main.o(.data)
    fy_ms_count                              0x20000018   Data           4  main.o(.data)
    fy_ms_count_temp                         0x2000001c   Data           4  main.o(.data)
    fw_ms_count                              0x20000020   Data           4  main.o(.data)
    fw_ms_count_temp                         0x20000024   Data           4  main.o(.data)
    fy_dir                                   0x20000028   Data           1  main.o(.data)
    fw_dir                                   0x20000029   Data           1  main.o(.data)
    fw_currentdeg                            0x20000030   Data           8  main.o(.data)
    fy_currentdeg                            0x20000038   Data           8  main.o(.data)
    last_fw_currentdeg                       0x20000040   Data           8  main.o(.data)
    last_fy_currentdeg                       0x20000048   Data           8  main.o(.data)
    fw_deg_offset                            0x20000050   Data           8  main.o(.data)
    fy_deg_offset                            0x20000058   Data           8  main.o(.data)
    fuyang_Targetjiaodu                      0x20000060   Data           2  main.o(.data)
    fangwei_Targetjiaodu                     0x20000062   Data           2  main.o(.data)
    gul_FirstFreq                            0x20000064   Data           4  main.o(.data)
    gul_FirstFreq1                           0x20000068   Data           4  main.o(.data)
    guc_StepM                                0x2000006c   Data           1  main.o(.data)
    guc_StepM1                               0x2000006d   Data           1  main.o(.data)
    gui_BeiYong                              0x20000070   Data           4  main.o(.data)
    gui_BeiYong1                             0x20000074   Data           4  main.o(.data)
    gf_MotorStep                             0x20000078   Data           4  main.o(.data)
    gul_jiaodu                               0x20000080   Data           8  main.o(.data)
    fy_cos_value                             0x20000088   Data           8  main.o(.data)
    fw_cos_value                             0x20000090   Data           8  main.o(.data)
    gul_jiaodu1                              0x20000098   Data           8  main.o(.data)
    fuyang_yundong_daowei_flag               0x200000a0   Data           1  main.o(.data)
    fangwei_yundong_daowei_flag              0x200000a1   Data           1  main.o(.data)
    psc                                      0x200000a2   Data           2  main.o(.data)
    psc1                                     0x200000a4   Data           2  main.o(.data)
    RS232_Auto_output                        0x200000a6   Data           6  main.o(.data)
    RS232_yuntaiID_huifu                     0x200000ac   Data          14  main.o(.data)
    RS232_yuntaijiaodushezhi_huifu           0x200000ba   Data           8  main.o(.data)
    RS232_yuntaikongzhi_huifu                0x200000c2   Data           8  main.o(.data)
    RS232_yuntaikongzhi_shibai_huifu         0x200000ca   Data           8  main.o(.data)
    RS232_lingwei_shezhi_huifu               0x200000d2   Data          11  main.o(.data)
    SystemCoreClock                          0x200000e0   Data           4  system_stm32f10x.o(.data)
    AHBPrescTable                            0x200000e4   Data          16  system_stm32f10x.o(.data)
    guc_10mscnt                              0x200000f4   Data           4  timer.o(.data)
    fy_timecnt                               0x200000f8   Data           4  timer.o(.data)
    fw_timecnt                               0x200000fc   Data           4  timer.o(.data)
    guc_AMIS30543_SPI_WR_data1               0x20000100   Data           1  amis30543.o(.data)
    guc_AMIS30543_SPI_CR0_data1              0x20000101   Data           1  amis30543.o(.data)
    guc_AMIS30543_SPI_CR1_data1              0x20000102   Data           1  amis30543.o(.data)
    guc_AMIS30543_SPI_CR2_data1              0x20000103   Data           1  amis30543.o(.data)
    guc_AMIS30543_SPI_CR3_data1              0x20000104   Data           1  amis30543.o(.data)
    guc_AMIS30543_SPI_WR_data2               0x20000105   Data           1  amis30543.o(.data)
    guc_AMIS30543_SPI_CR0_data2              0x20000106   Data           1  amis30543.o(.data)
    guc_AMIS30543_SPI_CR1_data2              0x20000107   Data           1  amis30543.o(.data)
    guc_AMIS30543_SPI_CR2_data2              0x20000108   Data           1  amis30543.o(.data)
    guc_AMIS30543_SPI_CR3_data2              0x20000109   Data           1  amis30543.o(.data)
    AMIS30543_CR_SPI1                        0x2000010a   Data           5  amis30543.o(.data)
    AMIS30543_CR_SPI2                        0x2000010f   Data           5  amis30543.o(.data)
    Uart1Cont                                0x20000114   Data           1  wifi.o(.data)
    Uart1Countmax                            0x20000115   Data           1  wifi.o(.data)
    Uart2Ok                                  0x20000116   Data           1  wifi.o(.data)
    shuipingfuyangjiao                       0x20000118   Data           2  wifi.o(.data)
    WipeMotorFlag                            0x2000011c   Data           4  motor.o(.data)
    fuyang_xch_dir                           0x20000120   Data           4  motor.o(.data)
    fangwei_xch_dir                          0x20000124   Data           4  motor.o(.data)
    SetSpeed_ref                             0x20000128   Data           4  motor.o(.data)
    update_accel_flag                        0x2000012c   Data           4  motor.o(.data)
    NowSpeed                                 0x20000130   Data           4  motor.o(.data)
    accel_value                              0x20000134   Data           4  motor.o(.data)
    accel_num                                0x20000138   Data           4  motor.o(.data)
    fuyang_dec_num                           0x2000013c   Data           4  motor.o(.data)
    fangwei_dec_num                          0x20000140   Data           4  motor.o(.data)
    add_value                                0x20000144   Data           4  motor.o(.data)
    dec_value                                0x20000148   Data           4  motor.o(.data)
    t4_pwm_value                             0x2000014c   Data           2  motor.o(.data)
    t5_pwm_value                             0x2000014e   Data           2  motor.o(.data)
    PulsePerRound                            0x20000150   Data           2  motor.o(.data)
    decel_cnt                                0x20000154   Data           4  pwm.o(.data)
    decel_cnt2                               0x20000158   Data           4  pwm.o(.data)
    accel_cnt                                0x2000015c   Data           4  pwm.o(.data)
    __stdout                                 0x20000164   Data           4  usart.o(.data)
    crc_check                                0x20000168   Data           2  usart.o(.data)
    crc_result1                              0x2000016a   Data           2  usart.o(.data)
    Res                                      0x2000016c   Data           1  usart.o(.data)
    last_Res                                 0x2000016d   Data           1  usart.o(.data)
    RS422_byte_count                         0x2000016e   Data           1  usart.o(.data)
    last_RS422_byte_count                    0x2000016f   Data           1  usart.o(.data)
    RS232_receive_flag                       0x20000170   Data           1  usart.o(.data)
    Yuntai_ID_flag                           0x20000171   Data           1  usart.o(.data)
    Yuntai_zhuangtai_flag                    0x20000172   Data           1  usart.o(.data)
    Yuntai_kongzhi_flag                      0x20000173   Data           1  usart.o(.data)
    Yuntai_fuwei_flag                        0x20000174   Data           1  usart.o(.data)
    Yuntai_jiaodushezhi_flag                 0x20000175   Data           1  usart.o(.data)
    Yuntai_chushishezhi_flag                 0x20000176   Data           1  usart.o(.data)
    Yuntai_yingdafangshi_flag                0x20000177   Data           1  usart.o(.data)
    Yuntai_tingzhi_flag                      0x20000178   Data           1  usart.o(.data)
    Yuntai_fangwei_shezhi_chenggong_flag     0x20000179   Data           1  usart.o(.data)
    Yuntai_fuyang_shezhi_chenggong_flag      0x2000017a   Data           1  usart.o(.data)
    fw_TargetDeg                             0x2000017c   Data           2  usart.o(.data)
    fy_TargetDeg                             0x2000017e   Data           2  usart.o(.data)
    AT24c256_storage                         0x20000194   Data          30  main.o(.bss)
    AT240c_str                               0x200001b2   Data          30  main.o(.bss)
    RS232_send_str                           0x200001d0   Data          30  main.o(.bss)
    RS232_send_zhuanyi_str                   0x200001ee   Data          30  main.o(.bss)
    RS232_tingzhi_str                        0x2000020c   Data          30  main.o(.bss)
    Uart1RxTemp                              0x2000022a   Data          20  wifi.o(.bss)
    RS422_receive_str                        0x2000023e   Data          30  usart.o(.bss)
    RS232_receive_str                        0x2000025c   Data          30  usart.o(.bss)
    __libspace_start                         0x2000027c   Data          96  libspace.o(.bss)
    __temporary_stack_top$libspace           0x200002dc   Data           0  libspace.o(.bss)



==============================================================================

Memory Map of the image

  Image Entry point : 0x08000131

  Load Region LR_IROM1 (Base: 0x08000000, Size: 0x00006ae4, Max: 0x00080000, ABSOLUTE, COMPRESSED[0x000069a8])

    Execution Region ER_IROM1 (Exec base: 0x08000000, Load base: 0x08000000, Size: 0x00006950, Max: 0x00080000, ABSOLUTE)

    Exec Addr    Load Addr    Size         Type   Attr      Idx    E Section Name        Object

    0x08000000   0x08000000   0x00000130   Data   RO          400    RESET               startup_stm32f10x_hd.o
    0x08000130   0x08000130   0x00000008   Code   RO          487  * !!!main             c_w.l(__main.o)
    0x08000138   0x08000138   0x00000034   Code   RO          707    !!!scatter          c_w.l(__scatter.o)
    0x0800016c   0x0800016c   0x0000005a   Code   RO          705    !!dczerorl2         c_w.l(__dczerorl2.o)
    0x080001c6   0x080001c6   0x00000002   PAD
    0x080001c8   0x080001c8   0x0000001c   Code   RO          709    !!handler_zi        c_w.l(__scatter_zi.o)
    0x080001e4   0x080001e4   0x00000002   Code   RO          579    .ARM.Collect$$libinit$$00000000  c_w.l(libinit.o)
    0x080001e6   0x080001e6   0x00000000   Code   RO          586    .ARM.Collect$$libinit$$00000002  c_w.l(libinit2.o)
    0x080001e6   0x080001e6   0x00000000   Code   RO          588    .ARM.Collect$$libinit$$00000004  c_w.l(libinit2.o)
    0x080001e6   0x080001e6   0x00000000   Code   RO          591    .ARM.Collect$$libinit$$0000000A  c_w.l(libinit2.o)
    0x080001e6   0x080001e6   0x00000000   Code   RO          593    .ARM.Collect$$libinit$$0000000C  c_w.l(libinit2.o)
    0x080001e6   0x080001e6   0x00000000   Code   RO          595    .ARM.Collect$$libinit$$0000000E  c_w.l(libinit2.o)
    0x080001e6   0x080001e6   0x00000000   Code   RO          598    .ARM.Collect$$libinit$$00000011  c_w.l(libinit2.o)
    0x080001e6   0x080001e6   0x00000000   Code   RO          600    .ARM.Collect$$libinit$$00000013  c_w.l(libinit2.o)
    0x080001e6   0x080001e6   0x00000000   Code   RO          602    .ARM.Collect$$libinit$$00000015  c_w.l(libinit2.o)
    0x080001e6   0x080001e6   0x00000000   Code   RO          604    .ARM.Collect$$libinit$$00000017  c_w.l(libinit2.o)
    0x080001e6   0x080001e6   0x00000000   Code   RO          606    .ARM.Collect$$libinit$$00000019  c_w.l(libinit2.o)
    0x080001e6   0x080001e6   0x00000000   Code   RO          608    .ARM.Collect$$libinit$$0000001B  c_w.l(libinit2.o)
    0x080001e6   0x080001e6   0x00000000   Code   RO          610    .ARM.Collect$$libinit$$0000001D  c_w.l(libinit2.o)
    0x080001e6   0x080001e6   0x00000000   Code   RO          612    .ARM.Collect$$libinit$$0000001F  c_w.l(libinit2.o)
    0x080001e6   0x080001e6   0x00000000   Code   RO          614    .ARM.Collect$$libinit$$00000021  c_w.l(libinit2.o)
    0x080001e6   0x080001e6   0x00000000   Code   RO          616    .ARM.Collect$$libinit$$00000023  c_w.l(libinit2.o)
    0x080001e6   0x080001e6   0x00000000   Code   RO          618    .ARM.Collect$$libinit$$00000025  c_w.l(libinit2.o)
    0x080001e6   0x080001e6   0x00000000   Code   RO          622    .ARM.Collect$$libinit$$0000002C  c_w.l(libinit2.o)
    0x080001e6   0x080001e6   0x00000000   Code   RO          624    .ARM.Collect$$libinit$$0000002E  c_w.l(libinit2.o)
    0x080001e6   0x080001e6   0x00000000   Code   RO          626    .ARM.Collect$$libinit$$00000030  c_w.l(libinit2.o)
    0x080001e6   0x080001e6   0x00000000   Code   RO          628    .ARM.Collect$$libinit$$00000032  c_w.l(libinit2.o)
    0x080001e6   0x080001e6   0x00000002   Code   RO          629    .ARM.Collect$$libinit$$00000033  c_w.l(libinit2.o)
    0x080001e8   0x080001e8   0x00000002   Code   RO          647    .ARM.Collect$$libshutdown$$00000000  c_w.l(libshutdown.o)
    0x080001ea   0x080001ea   0x00000000   Code   RO          657    .ARM.Collect$$libshutdown$$00000002  c_w.l(libshutdown2.o)
    0x080001ea   0x080001ea   0x00000000   Code   RO          659    .ARM.Collect$$libshutdown$$00000004  c_w.l(libshutdown2.o)
    0x080001ea   0x080001ea   0x00000000   Code   RO          662    .ARM.Collect$$libshutdown$$00000007  c_w.l(libshutdown2.o)
    0x080001ea   0x080001ea   0x00000000   Code   RO          665    .ARM.Collect$$libshutdown$$0000000A  c_w.l(libshutdown2.o)
    0x080001ea   0x080001ea   0x00000000   Code   RO          667    .ARM.Collect$$libshutdown$$0000000C  c_w.l(libshutdown2.o)
    0x080001ea   0x080001ea   0x00000000   Code   RO          670    .ARM.Collect$$libshutdown$$0000000F  c_w.l(libshutdown2.o)
    0x080001ea   0x080001ea   0x00000002   Code   RO          671    .ARM.Collect$$libshutdown$$00000010  c_w.l(libshutdown2.o)
    0x080001ec   0x080001ec   0x00000000   Code   RO          541    .ARM.Collect$$rtentry$$00000000  c_w.l(__rtentry.o)
    0x080001ec   0x080001ec   0x00000000   Code   RO          556    .ARM.Collect$$rtentry$$00000002  c_w.l(__rtentry2.o)
    0x080001ec   0x080001ec   0x00000006   Code   RO          568    .ARM.Collect$$rtentry$$00000004  c_w.l(__rtentry4.o)
    0x080001f2   0x080001f2   0x00000000   Code   RO          558    .ARM.Collect$$rtentry$$00000009  c_w.l(__rtentry2.o)
    0x080001f2   0x080001f2   0x00000004   Code   RO          559    .ARM.Collect$$rtentry$$0000000A  c_w.l(__rtentry2.o)
    0x080001f6   0x080001f6   0x00000000   Code   RO          561    .ARM.Collect$$rtentry$$0000000C  c_w.l(__rtentry2.o)
    0x080001f6   0x080001f6   0x00000008   Code   RO          562    .ARM.Collect$$rtentry$$0000000D  c_w.l(__rtentry2.o)
    0x080001fe   0x080001fe   0x00000002   Code   RO          583    .ARM.Collect$$rtexit$$00000000  c_w.l(rtexit.o)
    0x08000200   0x08000200   0x00000000   Code   RO          631    .ARM.Collect$$rtexit$$00000002  c_w.l(rtexit2.o)
    0x08000200   0x08000200   0x00000004   Code   RO          632    .ARM.Collect$$rtexit$$00000003  c_w.l(rtexit2.o)
    0x08000204   0x08000204   0x00000006   Code   RO          633    .ARM.Collect$$rtexit$$00000004  c_w.l(rtexit2.o)
    0x0800020a   0x0800020a   0x00000002   PAD
    0x0800020c   0x0800020c   0x00000fbc   Code   RO            1    .text               main.o
    0x080011c8   0x080011c8   0x0000001a   Code   RO          153    .text               stm32f10x_it.o
    0x080011e2   0x080011e2   0x00000002   PAD
    0x080011e4   0x080011e4   0x000001e0   Code   RO          194    .text               system_stm32f10x.o
    0x080013c4   0x080013c4   0x00000378   Code   RO          212    .text               timer.o
    0x0800173c   0x0800173c   0x00000fd4   Code   RO          237    .text               amis30543.o
    0x08002710   0x08002710   0x000000c0   Code   RO          253    .text               gpio.o
    0x080027d0   0x080027d0   0x000002fc   Code   RO          265    .text               wifi.o
    0x08002acc   0x08002acc   0x00000440   Code   RO          281    .text               24c02.o
    0x08002f0c   0x08002f0c   0x000001d4   Code   RO          293    .text               motor.o
    0x080030e0   0x080030e0   0x00000368   Code   RO          312    .text               pwm.o
    0x08003448   0x08003448   0x000000d4   Code   RO          330    .text               delay.o
    0x0800351c   0x0800351c   0x00000624   Code   RO          361    .text               usart.o
    0x08003b40   0x08003b40   0x00000040   Code   RO          401    .text               startup_stm32f10x_hd.o
    0x08003b80   0x08003b80   0x0000035c   Code   RO          405    .text               stm32f10x_gpio.o
    0x08003edc   0x08003edc   0x000003a4   Code   RO          417    .text               stm32f10x_rcc.o
    0x08004280   0x08004280   0x00000408   Code   RO          431    .text               stm32f10x_usart.o
    0x08004688   0x08004688   0x000000dc   Code   RO          443    .text               misc.o
    0x08004764   0x08004764   0x00000e1a   Code   RO          455    .text               stm32f10x_tim.o
    0x0800557e   0x0800557e   0x00000002   PAD
    0x08005580   0x08005580   0x0000030c   Code   RO          467    .text               stm32f10x_spi.o
    0x0800588c   0x0800588c   0x00000002   Code   RO          481    .text               c_w.l(use_no_semi_2.o)
    0x0800588e   0x0800588e   0x00000044   Code   RO          483    .text               c_w.l(rt_memclr.o)
    0x080058d2   0x080058d2   0x00000006   Code   RO          485    .text               c_w.l(heapauxi.o)
    0x080058d8   0x080058d8   0x00000002   Code   RO          539    .text               c_w.l(use_no_semi.o)
    0x080058da   0x080058da   0x0000004e   Code   RO          542    .text               c_w.l(rt_memclr_w.o)
    0x08005928   0x08005928   0x0000004a   Code   RO          570    .text               c_w.l(sys_stackheap_outer.o)
    0x08005972   0x08005972   0x00000012   Code   RO          572    .text               c_w.l(exit.o)
    0x08005984   0x08005984   0x00000008   Code   RO          580    .text               c_w.l(libspace.o)
    0x0800598c   0x0800598c   0x00000062   Code   RO          489    x$fpl$d2f           fz_ws.l(d2f.o)
    0x080059ee   0x080059ee   0x00000002   PAD
    0x080059f0   0x080059f0   0x00000150   Code   RO          491    x$fpl$dadd          fz_ws.l(daddsub_clz.o)
    0x08005b40   0x08005b40   0x00000018   Code   RO          544    x$fpl$dcmpinf       fz_ws.l(dcmpi.o)
    0x08005b58   0x08005b58   0x000002b0   Code   RO          498    x$fpl$ddiv          fz_ws.l(ddiv.o)
    0x08005e08   0x08005e08   0x0000005e   Code   RO          501    x$fpl$dfix          fz_ws.l(dfix.o)
    0x08005e66   0x08005e66   0x00000002   PAD
    0x08005e68   0x08005e68   0x0000005a   Code   RO          505    x$fpl$dfixu         fz_ws.l(dfixu.o)
    0x08005ec2   0x08005ec2   0x0000002e   Code   RO          510    x$fpl$dflt          fz_ws.l(dflt_clz.o)
    0x08005ef0   0x08005ef0   0x00000026   Code   RO          509    x$fpl$dfltu         fz_ws.l(dflt_clz.o)
    0x08005f16   0x08005f16   0x00000002   PAD
    0x08005f18   0x08005f18   0x00000078   Code   RO          515    x$fpl$dleqf         fz_ws.l(dleqf.o)
    0x08005f90   0x08005f90   0x00000154   Code   RO          517    x$fpl$dmul          fz_ws.l(dmul.o)
    0x080060e4   0x080060e4   0x0000009c   Code   RO          546    x$fpl$dnaninf       fz_ws.l(dnaninf.o)
    0x08006180   0x08006180   0x0000000c   Code   RO          548    x$fpl$dretinf       fz_ws.l(dretinf.o)
    0x0800618c   0x0800618c   0x0000006c   Code   RO          519    x$fpl$drleqf        fz_ws.l(drleqf.o)
    0x080061f8   0x080061f8   0x000001d4   Code   RO          493    x$fpl$dsub          fz_ws.l(daddsub_clz.o)
    0x080063cc   0x080063cc   0x00000056   Code   RO          521    x$fpl$f2d           fz_ws.l(f2d.o)
    0x08006422   0x08006422   0x00000002   PAD
    0x08006424   0x08006424   0x000000c4   Code   RO          523    x$fpl$fadd          fz_ws.l(faddsub_clz.o)
    0x080064e8   0x080064e8   0x00000184   Code   RO          530    x$fpl$fdiv          fz_ws.l(fdiv.o)
    0x0800666c   0x0800666c   0x0000003e   Code   RO          533    x$fpl$ffixu         fz_ws.l(ffixu.o)
    0x080066aa   0x080066aa   0x00000002   PAD
    0x080066ac   0x080066ac   0x00000102   Code   RO          537    x$fpl$fmul          fz_ws.l(fmul.o)
    0x080067ae   0x080067ae   0x0000008c   Code   RO          550    x$fpl$fnaninf       fz_ws.l(fnaninf.o)
    0x0800683a   0x0800683a   0x0000000a   Code   RO          552    x$fpl$fretinf       fz_ws.l(fretinf.o)
    0x08006844   0x08006844   0x000000ea   Code   RO          525    x$fpl$fsub          fz_ws.l(faddsub_clz.o)
    0x0800692e   0x0800692e   0x00000000   Code   RO          554    x$fpl$usenofp       fz_ws.l(usenofp.o)
    0x0800692e   0x0800692e   0x00000002   PAD
    0x08006930   0x08006930   0x00000020   Data   RO          703    Region$$Table       anon$$obj.o


    Execution Region RW_IRAM1 (Exec base: 0x20000000, Load base: 0x08006950, Size: 0x000008e0, Max: 0x00010000, ABSOLUTE, COMPRESSED[0x00000058])

    Exec Addr    Load Addr    Size         Type   Attr      Idx    E Section Name        Object

    0x20000000   COMPRESSED   0x000000dd   Data   RW            3    .data               main.o
    0x200000dd   COMPRESSED   0x00000003   PAD
    0x200000e0   COMPRESSED   0x00000014   Data   RW          195    .data               system_stm32f10x.o
    0x200000f4   COMPRESSED   0x0000000c   Data   RW          213    .data               timer.o
    0x20000100   COMPRESSED   0x00000014   Data   RW          238    .data               amis30543.o
    0x20000114   COMPRESSED   0x00000006   Data   RW          267    .data               wifi.o
    0x2000011a   COMPRESSED   0x00000002   PAD
    0x2000011c   COMPRESSED   0x00000036   Data   RW          294    .data               motor.o
    0x20000152   COMPRESSED   0x00000002   PAD
    0x20000154   COMPRESSED   0x0000000c   Data   RW          313    .data               pwm.o
    0x20000160   COMPRESSED   0x00000004   Data   RW          331    .data               delay.o
    0x20000164   COMPRESSED   0x0000001c   Data   RW          363    .data               usart.o
    0x20000180   COMPRESSED   0x00000014   Data   RW          418    .data               stm32f10x_rcc.o
    0x20000194        -       0x00000096   Zero   RW            2    .bss                main.o
    0x2000022a        -       0x00000014   Zero   RW          266    .bss                wifi.o
    0x2000023e        -       0x0000003c   Zero   RW          362    .bss                usart.o
    0x2000027a   COMPRESSED   0x00000002   PAD
    0x2000027c        -       0x00000060   Zero   RW          581    .bss                c_w.l(libspace.o)
    0x200002dc   COMPRESSED   0x00000004   PAD
    0x200002e0        -       0x00000200   Zero   RW          399    HEAP                startup_stm32f10x_hd.o
    0x200004e0        -       0x00000400   Zero   RW          398    STACK               startup_stm32f10x_hd.o


==============================================================================

Image component sizes


      Code (inc. data)   RO Data    RW Data    ZI Data      Debug   Object Name

      1088         14          0          0          0       4896   24c02.o
      4052        218          0         20          0       5690   amis30543.o
       212         18          0          4          0       1015   delay.o
       192         22          0          0          0        567   gpio.o
      4028        608          0        221        150     267882   main.o
       220         22          0          0          0       1773   misc.o
       468         62          0         54          0       1960   motor.o
       872         90          0         12          0       2499   pwm.o
        64         26        304          0       1536        788   startup_stm32f10x_hd.o
       860         38          0          0          0       5705   stm32f10x_gpio.o
        26          0          0          0          0       1166   stm32f10x_it.o
       932         36          0         20          0       8872   stm32f10x_rcc.o
       780         14          0          0          0       6590   stm32f10x_spi.o
      3610         88          0          0          0      22816   stm32f10x_tim.o
      1032         22          0          0          0       8432   stm32f10x_usart.o
         0          0          0          0          0         32   sys.o
       480         38          0         20          0       1695   system_stm32f10x.o
       888        144          0         12          0       5795   timer.o
      1572        212          0         28         60       6280   usart.o
       764         30          0          6         20       2100   wifi.o

    ----------------------------------------------------------------------
     22144       1702        336        404       1768     356553   Object Totals
         0          0         32          0          0          0   (incl. Generated)
         4          0          0          7          2          0   (incl. Padding)

    ----------------------------------------------------------------------

      Code (inc. data)   RO Data    RW Data    ZI Data      Debug   Library Member Name

        90          0          0          0          0          0   __dczerorl2.o
         8          0          0          0          0         68   __main.o
         0          0          0          0          0          0   __rtentry.o
        12          0          0          0          0          0   __rtentry2.o
         6          0          0          0          0          0   __rtentry4.o
        52          8          0          0          0          0   __scatter.o
        28          0          0          0          0          0   __scatter_zi.o
        18          0          0          0          0         80   exit.o
         6          0          0          0          0        152   heapauxi.o
         2          0          0          0          0          0   libinit.o
         2          0          0          0          0          0   libinit2.o
         2          0          0          0          0          0   libshutdown.o
         2          0          0          0          0          0   libshutdown2.o
         8          4          0          0         96         68   libspace.o
        68          0          0          0          0         68   rt_memclr.o
        78          0          0          0          0         80   rt_memclr_w.o
         2          0          0          0          0          0   rtexit.o
        10          0          0          0          0          0   rtexit2.o
        74          0          0          0          0         80   sys_stackheap_outer.o
         2          0          0          0          0         68   use_no_semi.o
         2          0          0          0          0         68   use_no_semi_2.o
        98          4          0          0          0         92   d2f.o
       804         16          0          0          0        272   daddsub_clz.o
        24          0          0          0          0         68   dcmpi.o
       688        140          0          0          0        208   ddiv.o
        94          4          0          0          0         92   dfix.o
        90          4          0          0          0         92   dfixu.o
        84          0          0          0          0        136   dflt_clz.o
       120          4          0          0          0         92   dleqf.o
       340         12          0          0          0        104   dmul.o
       156          4          0          0          0         92   dnaninf.o
        12          0          0          0          0         68   dretinf.o
       108          0          0          0          0         80   drleqf.o
        86          4          0          0          0         84   f2d.o
       430          8          0          0          0        168   faddsub_clz.o
       388         76          0          0          0         96   fdiv.o
        62          4          0          0          0         84   ffixu.o
       258          4          0          0          0         84   fmul.o
       140          4          0          0          0         84   fnaninf.o
        10          0          0          0          0         68   fretinf.o
         0          0          0          0          0          0   usenofp.o

    ----------------------------------------------------------------------
      4480        300          0          0        100       2796   Library Totals
        16          0          0          0          4          0   (incl. Padding)

    ----------------------------------------------------------------------

      Code (inc. data)   RO Data    RW Data    ZI Data      Debug   Library Name

       472         12          0          0         96        732   c_w.l
      3992        288          0          0          0       2064   fz_ws.l

    ----------------------------------------------------------------------
      4480        300          0          0        100       2796   Library Totals

    ----------------------------------------------------------------------

==============================================================================


      Code (inc. data)   RO Data    RW Data    ZI Data      Debug   

     26624       2002        336        404       1868     356485   Grand Totals
     26624       2002        336         88       1868     356485   ELF Image Totals (compressed)
     26624       2002        336         88          0          0   ROM Totals

==============================================================================

    Total RO  Size (Code + RO Data)                26960 (  26.33kB)
    Total RW  Size (RW Data + ZI Data)              2272 (   2.22kB)
    Total ROM Size (Code + RO Data + RW Data)      27048 (  26.41kB)

==============================================================================

